// Jest Snapshot v1, https://goo.gl/fbAQLP

exports[`renders demo correctly 1`] = `
<div>
  <div>
    <div>
      <van-button size="middle" type="info" squareroud="round" class="u-code-example_demo_">确定</van-button>
      <van-button size="middle" type="info" disabled="true" squareroud="round" class="u-code-example_demo_">确定</van-button>
    </div>
    <div style="margin-top: 10px;">
      <van-button size="normal" type="info_secondary" squareroud="round" class="u-code-example_demo_">确定</van-button>
      <van-button size="normal" disabled="true" type="info_secondary" squareroud="round" class="u-code-example_demo_">确定</van-button>
    </div>
    <div style="margin-top: 10px;">
      <van-button size="normal" type="default" squareroud="round" class="u-code-example_demo_">确定</van-button>
      <van-button size="normal" disabled="true" type="default" squareroud="round" class="u-code-example_demo_">确定</van-button>
    </div>
    <div style="margin-top: 10px;">
      <van-button size="normal" type="warning" squareroud="round" class="u-code-example_demo_">确定</van-button>
      <van-button size="normal" disabled="true" type="warning" squareroud="round" class="u-code-example_demo_">确定</van-button>
    </div>
    <div style="margin-top: 10px;">
      <van-button size="normal" type="warning_secondary" squareroud="round" class="u-code-example_demo_">确定</van-button>
      <van-button size="normal" disabled="true" type="warning_secondary" squareroud="round" class="u-code-example_demo_">确定</van-button>
    </div>
    <div style="margin-top: 10px;">
      <van-button size="normal" type="danger" squareroud="round" class="u-code-example_demo_">确定</van-button>
      <van-button size="normal" disabled="true" type="danger" squareroud="round" class="u-code-example_demo_">确定</van-button>
    </div>
    <div style="margin-top: 10px;">
      <van-button size="normal" type="danger_secondary" squareroud="round" class="u-code-example_demo_">确定</van-button>
      <van-button disabled="true" size="normal" type="danger_secondary" squareroud="round" class="u-code-example_demo_">确定</van-button>
    </div>
  </div>
  <div>
    <div class="demo-button-row">
      <van-button size="normal" type="info" squareroud="square" class="u-code-example_demo_">确定</van-button>
      <van-button size="normal" type="info_secondary" squareroud="square" class="u-code-example_demo_">确定</van-button>
      <van-button size="normal" type="default" squareroud="square" class="u-code-example_demo_">确定</van-button>
    </div>
    <div class="demo-button-row">
      <van-button size="normal" type="info" squareroud="round" class="u-code-example_demo_">确定</van-button>
      <van-button size="normal" type="info_secondary" squareroud="round" class="u-code-example_demo_">确定</van-button>
      <van-button size="normal" type="default" squareroud="round" class="u-code-example_demo_">确定</van-button>
      <van-button size="middle" icon="sure" type="default" squareroud="round" class="u-code-example_demo_">确定</van-button>
    </div>
  </div>
  <div>
    <div class="demo-button-row">
      <van-button size="mini" type="info" squareroud="round" class="u-code-example_demo_">确定</van-button>
      <van-button size="small" type="info" squareroud="round" class="u-code-example_demo_">确定</van-button>
      <van-button size="normal" type="info" squareroud="round" class="u-code-example_demo_">确定</van-button>
      <van-button size="middle" type="info" squareroud="round" class="u-code-example_demo_">确定</van-button>
      <van-button size="large" type="info" squareroud="round" class="u-code-example_demo_">确定</van-button>
    </div>
  </div>
</div>
`;
