// Jest Snapshot v1, https://goo.gl/fbAQLP

exports[`renders demo correctly 1`] = `
<div>
  <div class="van-cell van-cell--clickable van-cell--center" noallow role="button" tabindex="0">
    <div class="van-cell__title" vusion-slot-name="title" vusion-slot-name-edit="title">基础用法</div>
    <div class="van-cell__value">
      <div class="van-stepper">
        <button class="van-stepper__minus van-stepper__minus--disabled" type="button"></button>
        <input aria-valuemax="Infinity" aria-valuemin="1" aria-valuenow class="van-stepper__input" inputmode="decimal" role="spinbutton" type="text">
        <button class="van-stepper__plus" type="button"></button>
      </div>
    </div>
    <i class="van-icon van-icon-arrow van-cell__right-icon"></i>
  </div>
  <div class="van-cell van-cell--clickable van-cell--center" noallow role="button" tabindex="0">
    <div class="van-cell__title" vusion-slot-name="title" vusion-slot-name-edit="title">基础用法</div>
    <div class="van-cell__value">
      <div class="van-stepper">
        <button class="van-stepper__minus van-stepper__minus--disabled" type="button"></button>
        <input aria-valuemax="Infinity" aria-valuemin="1" aria-valuenow="1" class="van-stepper__input" inputmode="decimal" role="spinbutton" type="text">
        <button class="van-stepper__plus" type="button"></button>
      </div>
    </div>
    <i class="van-icon van-icon-arrow van-cell__right-icon"></i>
  </div>
  <div class="van-cell van-cell--clickable van-cell--center" noallow role="button" tabindex="0">
    <div class="van-cell__title" vusion-slot-name="title" vusion-slot-name-edit="title">步长设置</div>
    <div class="van-cell__value">
      <div class="van-stepper">
        <button class="van-stepper__minus van-stepper__minus--disabled" type="button"></button>
        <input aria-valuemax="Infinity" aria-valuemin="1" aria-valuenow="1" class="van-stepper__input" inputmode="decimal" role="spinbutton" type="text">
        <button class="van-stepper__plus" type="button"></button>
      </div>
    </div>
    <i class="van-icon van-icon-arrow van-cell__right-icon"></i>
  </div>
  <div class="van-cell van-cell--clickable van-cell--center" noallow role="button" tabindex="0">
    <div class="van-cell__title" vusion-slot-name="title" vusion-slot-name-edit="title">限制输入范围</div>
    <div class="van-cell__value">
      <div class="van-stepper">
        <button class="van-stepper__minus van-stepper__minus--disabled" type="button"></button>
        <input aria-valuemax="8" aria-valuemin="5" aria-valuenow="5" class="van-stepper__input" inputmode="decimal" role="spinbutton" type="text">
        <button class="van-stepper__plus" type="button"></button>
      </div>
    </div>
    <i class="van-icon van-icon-arrow van-cell__right-icon"></i>
  </div>
  <div class="van-cell van-cell--clickable van-cell--center" noallow role="button" tabindex="0">
    <div class="van-cell__title" vusion-slot-name="title" vusion-slot-name-edit="title">限制输入整数</div>
    <div class="van-cell__value">
      <div class="van-stepper">
        <button class="van-stepper__minus van-stepper__minus--disabled" type="button"></button>
        <input aria-valuemax="Infinity" aria-valuemin="1" aria-valuenow="1" class="van-stepper__input" inputmode="numeric" role="spinbutton" type="tel">
        <button class="van-stepper__plus" type="button"></button>
      </div>
    </div>
    <i class="van-icon van-icon-arrow van-cell__right-icon"></i>
  </div>
  <div class="van-cell van-cell--clickable van-cell--center" noallow role="button" tabindex="0">
    <div class="van-cell__title" vusion-slot-name="title" vusion-slot-name-edit="title">禁用状态</div>
    <div class="van-cell__value">
      <div class="van-stepper">
        <button class="van-stepper__minus van-stepper__minus--disabled" type="button"></button>
        <input aria-valuemax="Infinity" aria-valuemin="1" aria-valuenow="1" class="van-stepper__input" disabled="disabled" inputmode="decimal" role="spinbutton" type="text">
        <button class="van-stepper__plus van-stepper__plus--disabled" type="button"></button>
      </div>
    </div>
    <i class="van-icon van-icon-arrow van-cell__right-icon"></i>
  </div>
  <div class="van-cell van-cell--clickable van-cell--center" noallow role="button" tabindex="0">
    <div class="van-cell__title" vusion-slot-name="title" vusion-slot-name-edit="title">禁用输入框</div>
    <div class="van-cell__value">
      <div class="van-stepper">
        <button class="van-stepper__minus van-stepper__minus--disabled" type="button"></button>
        <input aria-valuemax="Infinity" aria-valuemin="1" aria-valuenow="1" class="van-stepper__input" inputmode="decimal" readonly="readonly" role="spinbutton" type="text">
        <button class="van-stepper__plus" type="button"></button>
      </div>
    </div>
    <i class="van-icon van-icon-arrow van-cell__right-icon"></i>
  </div>
  <div class="van-cell van-cell--clickable van-cell--center" noallow role="button" tabindex="0">
    <div class="van-cell__title" vusion-slot-name="title" vusion-slot-name-edit="title">固定小数位数</div>
    <div class="van-cell__value">
      <div class="van-stepper">
        <button class="van-stepper__minus van-stepper__minus--disabled" type="button"></button>
        <input aria-valuemax="Infinity" aria-valuemin="1" aria-valuenow="1.0" class="van-stepper__input" inputmode="decimal" role="spinbutton" type="text">
        <button class="van-stepper__plus" type="button"></button>
      </div>
    </div>
    <i class="van-icon van-icon-arrow van-cell__right-icon"></i>
  </div>
  <div class="van-cell van-cell--clickable van-cell--center" noallow role="button" tabindex="0">
    <div class="van-cell__title" vusion-slot-name="title" vusion-slot-name-edit="title">自定义大小</div>
    <div class="van-cell__value">
      <div class="van-stepper">
        <button class="van-stepper__minus van-stepper__minus--disabled" style="width: 32px; height: 32px;" type="button"></button>
        <input aria-valuemax="Infinity" aria-valuemin="1" aria-valuenow="1" class="van-stepper__input" inputmode="decimal" role="spinbutton" style="width: 40px; height: 32px;" type="text">
        <button class="van-stepper__plus" style="width: 32px; height: 32px;" type="button"></button>
      </div>
    </div>
    <i class="van-icon van-icon-arrow van-cell__right-icon"></i>
  </div>
  <div class="van-cell van-cell--clickable van-cell--center" noallow role="button" tabindex="0">
    <div class="van-cell__title" vusion-slot-name="title" vusion-slot-name-edit="title">异步变更</div>
    <div class="van-cell__value">
      <div class="van-stepper">
        <button class="van-stepper__minus van-stepper__minus--disabled" type="button"></button>
        <input aria-valuemax="Infinity" aria-valuemin="1" aria-valuenow="1" class="van-stepper__input" inputmode="decimal" role="spinbutton" type="text">
        <button class="van-stepper__plus" type="button"></button>
      </div>
    </div>
    <i class="van-icon van-icon-arrow van-cell__right-icon"></i>
  </div>
  <div class="van-cell van-cell--clickable van-cell--center" noallow role="button" tabindex="0">
    <div class="van-cell__title" vusion-slot-name="title" vusion-slot-name-edit="title">圆角风格</div>
    <div class="van-cell__value">
      <div class="van-stepper van-stepper--round">
        <button class="van-stepper__minus van-stepper__minus--disabled" style="width: 22px; height: 22px;" type="button"></button>
        <input aria-valuemax="Infinity" aria-valuemin="1" aria-valuenow="1" class="van-stepper__input" inputmode="decimal" readonly="readonly" role="spinbutton" style="height: 22px;" type="text">
        <button class="van-stepper__plus" style="width: 22px; height: 22px;" type="button"></button>
      </div>
    </div>
    <i class="van-icon van-icon-arrow van-cell__right-icon"></i>
  </div>
</div>
`;
