// Jest Snapshot v1, https://goo.gl/fbAQLP

exports[`renders demo correctly 1`] = `
<div>
  <div>
    <van-search placeholder="请输入搜索关键词" show-action="" action-text="搜索" value="q" icon-align="right"></van-search>
  </div>
  <div>
    <van-search placeholder="请输入搜索关键词"></van-search>
  </div>
  <div>
    <form action="/">
      <van-search placeholder="请输入搜索关键词" show-action=""></van-search>
    </form>
  </div>
  <div>
    <van-search placeholder="请输入搜索关键词" input-align="center"></van-search>
  </div>
  <div>
    <van-search placeholder="请输入搜索关键词" disabled=""></van-search>
  </div>
  <div>
    <van-search placeholder="请输入搜索关键词" shape="round" background="#4fc08d"></van-search>
  </div>
  <div>
    <van-search show-action="" label="地址" placeholder="请输入搜索关键词"></van-search>
  </div>
</div>
`;
