// Jest Snapshot v1, https://goo.gl/fbAQLP

exports[`renders demo correctly 1`] = `
<div>
  <div>
    <van-checkbox-group data-source="1,2,3"></van-checkbox-group>
  </div>
  <div style="margin-top: 20px;">
    <van-checkbox-group>
      <div class="fwfwwfwf">
        <van-checkbox name="b">复选框 b</van-checkbox>
      </div>
      <div class="fwfwwfwf">
        <van-checkbox name="b">复选框 b</van-checkbox>
      </div>
    </van-checkbox-group>
  </div>
  <div>
    <van-checkbox>复选框</van-checkbox>
  </div>
  <div>
    <van-checkbox disabled="">
      复选框
    </van-checkbox>
    <van-checkbox value="true" disabled="">
      复选框
    </van-checkbox>
  </div>
  <div>
    <van-checkbox shape="square">
      自定义颜色
    </van-checkbox>
  </div>
  <div>
    <van-checkbox checked-color="#ee0a24">
      自定义颜色
    </van-checkbox>
  </div>
  <div>
    <van-checkbox icon-size="24px">
      自定义大小
    </van-checkbox>
  </div>
  <div>
    <van-checkbox>
      自定义图标
    </van-checkbox>
  </div>
  <div>
    <van-checkbox label-disabled="">
      复选框
    </van-checkbox>
  </div>
  <div>
    <van-checkbox-group>
      <div>
        <van-checkbox name="a" value="true">复选框 a</van-checkbox>
      </div>
      <div>
        <van-checkbox name="b">复选框 b</van-checkbox>
      </div>
    </van-checkbox-group>
  </div>
  <div>
    <van-checkbox-group direction="horizontal">
      <van-checkbox name="a">复选框 a</van-checkbox>
      <van-checkbox name="b">复选框 b</van-checkbox>
    </van-checkbox-group>
  </div>
  <div>
    <van-checkbox-group max="2">
      <van-checkbox name="a">复选框 a</van-checkbox>
      <van-checkbox name="b">复选框 b</van-checkbox>
      <van-checkbox name="c">复选框 c</van-checkbox>
    </van-checkbox-group>
  </div>
  <div>
    <van-checkbox-group>
      <van-checkbox name="a">复选框 a</van-checkbox>
      <van-checkbox name="b">复选框 b</van-checkbox>
      <van-checkbox name="c">复选框 c</van-checkbox>
    </van-checkbox-group>
    <div class="demo-checkbox-buttons">
      <van-button type="primary">
        全选
      </van-button>
      <van-button type="info">
        反选
      </van-button>
    </div>
  </div>
  <div>
    <van-checkbox-group>
      <van-cell-group>
        <van-cell clickable="" title="复选框 a"></van-cell>
        <van-cell clickable="" title="复选框 b"></van-cell>
      </van-cell-group>
    </van-checkbox-group>
  </div>
</div>
`;
