// Jest Snapshot v1, https://goo.gl/fbAQLP

exports[`renders demo correctly 1`] = `
<div>
  <van-tabs>
    <van-tab title="基础用法">
      <van-index-bar>
        <div>
          <van-index-anchor index="A"></van-index-anchor>
          <van-cell title="文本"></van-cell>
          <van-cell title="文本"></van-cell>
          <van-cell title="文本"></van-cell>
        </div>
        <div>
          <van-index-anchor index="B"></van-index-anchor>
          <van-cell title="文本"></van-cell>
          <van-cell title="文本"></van-cell>
          <van-cell title="文本"></van-cell>
        </div>
        <div>
          <van-index-anchor index="C"></van-index-anchor>
          <van-cell title="文本"></van-cell>
          <van-cell title="文本"></van-cell>
          <van-cell title="文本"></van-cell>
        </div>
        <div>
          <van-index-anchor index="D"></van-index-anchor>
          <van-cell title="文本"></van-cell>
          <van-cell title="文本"></van-cell>
          <van-cell title="文本"></van-cell>
        </div>
        <div>
          <van-index-anchor index="E"></van-index-anchor>
          <van-cell title="文本"></van-cell>
          <van-cell title="文本"></van-cell>
          <van-cell title="文本"></van-cell>
        </div>
        <div>
          <van-index-anchor index="F"></van-index-anchor>
          <van-cell title="文本"></van-cell>
          <van-cell title="文本"></van-cell>
          <van-cell title="文本"></van-cell>
        </div>
        <div>
          <van-index-anchor index="G"></van-index-anchor>
          <van-cell title="文本"></van-cell>
          <van-cell title="文本"></van-cell>
          <van-cell title="文本"></van-cell>
        </div>
        <div>
          <van-index-anchor index="H"></van-index-anchor>
          <van-cell title="文本"></van-cell>
          <van-cell title="文本"></van-cell>
          <van-cell title="文本"></van-cell>
        </div>
        <div>
          <van-index-anchor index="I"></van-index-anchor>
          <van-cell title="文本"></van-cell>
          <van-cell title="文本"></van-cell>
          <van-cell title="文本"></van-cell>
        </div>
        <div>
          <van-index-anchor index="J"></van-index-anchor>
          <van-cell title="文本"></van-cell>
          <van-cell title="文本"></van-cell>
          <van-cell title="文本"></van-cell>
        </div>
        <div>
          <van-index-anchor index="K"></van-index-anchor>
          <van-cell title="文本"></van-cell>
          <van-cell title="文本"></van-cell>
          <van-cell title="文本"></van-cell>
        </div>
        <div>
          <van-index-anchor index="L"></van-index-anchor>
          <van-cell title="文本"></van-cell>
          <van-cell title="文本"></van-cell>
          <van-cell title="文本"></van-cell>
        </div>
        <div>
          <van-index-anchor index="M"></van-index-anchor>
          <van-cell title="文本"></van-cell>
          <van-cell title="文本"></van-cell>
          <van-cell title="文本"></van-cell>
        </div>
        <div>
          <van-index-anchor index="N"></van-index-anchor>
          <van-cell title="文本"></van-cell>
          <van-cell title="文本"></van-cell>
          <van-cell title="文本"></van-cell>
        </div>
        <div>
          <van-index-anchor index="O"></van-index-anchor>
          <van-cell title="文本"></van-cell>
          <van-cell title="文本"></van-cell>
          <van-cell title="文本"></van-cell>
        </div>
        <div>
          <van-index-anchor index="P"></van-index-anchor>
          <van-cell title="文本"></van-cell>
          <van-cell title="文本"></van-cell>
          <van-cell title="文本"></van-cell>
        </div>
        <div>
          <van-index-anchor index="Q"></van-index-anchor>
          <van-cell title="文本"></van-cell>
          <van-cell title="文本"></van-cell>
          <van-cell title="文本"></van-cell>
        </div>
        <div>
          <van-index-anchor index="R"></van-index-anchor>
          <van-cell title="文本"></van-cell>
          <van-cell title="文本"></van-cell>
          <van-cell title="文本"></van-cell>
        </div>
        <div>
          <van-index-anchor index="S"></van-index-anchor>
          <van-cell title="文本"></van-cell>
          <van-cell title="文本"></van-cell>
          <van-cell title="文本"></van-cell>
        </div>
        <div>
          <van-index-anchor index="T"></van-index-anchor>
          <van-cell title="文本"></van-cell>
          <van-cell title="文本"></van-cell>
          <van-cell title="文本"></van-cell>
        </div>
        <div>
          <van-index-anchor index="U"></van-index-anchor>
          <van-cell title="文本"></van-cell>
          <van-cell title="文本"></van-cell>
          <van-cell title="文本"></van-cell>
        </div>
        <div>
          <van-index-anchor index="V"></van-index-anchor>
          <van-cell title="文本"></van-cell>
          <van-cell title="文本"></van-cell>
          <van-cell title="文本"></van-cell>
        </div>
        <div>
          <van-index-anchor index="W"></van-index-anchor>
          <van-cell title="文本"></van-cell>
          <van-cell title="文本"></van-cell>
          <van-cell title="文本"></van-cell>
        </div>
        <div>
          <van-index-anchor index="X"></van-index-anchor>
          <van-cell title="文本"></van-cell>
          <van-cell title="文本"></van-cell>
          <van-cell title="文本"></van-cell>
        </div>
        <div>
          <van-index-anchor index="Y"></van-index-anchor>
          <van-cell title="文本"></van-cell>
          <van-cell title="文本"></van-cell>
          <van-cell title="文本"></van-cell>
        </div>
        <div>
          <van-index-anchor index="Z"></van-index-anchor>
          <van-cell title="文本"></van-cell>
          <van-cell title="文本"></van-cell>
          <van-cell title="文本"></van-cell>
        </div>
      </van-index-bar>
    </van-tab>
    <van-tab title="自定义索引列表">
      <van-index-bar index-list="1,2,3,4,5,6,8,9,10">
        <div>
          <van-index-anchor index="1">
            标题1
          </van-index-anchor>
          <van-cell title="文本"></van-cell>
          <van-cell title="文本"></van-cell>
          <van-cell title="文本"></van-cell>
        </div>
        <div>
          <van-index-anchor index="2">
            标题2
          </van-index-anchor>
          <van-cell title="文本"></van-cell>
          <van-cell title="文本"></van-cell>
          <van-cell title="文本"></van-cell>
        </div>
        <div>
          <van-index-anchor index="3">
            标题3
          </van-index-anchor>
          <van-cell title="文本"></van-cell>
          <van-cell title="文本"></van-cell>
          <van-cell title="文本"></van-cell>
        </div>
        <div>
          <van-index-anchor index="4">
            标题4
          </van-index-anchor>
          <van-cell title="文本"></van-cell>
          <van-cell title="文本"></van-cell>
          <van-cell title="文本"></van-cell>
        </div>
        <div>
          <van-index-anchor index="5">
            标题5
          </van-index-anchor>
          <van-cell title="文本"></van-cell>
          <van-cell title="文本"></van-cell>
          <van-cell title="文本"></van-cell>
        </div>
        <div>
          <van-index-anchor index="6">
            标题6
          </van-index-anchor>
          <van-cell title="文本"></van-cell>
          <van-cell title="文本"></van-cell>
          <van-cell title="文本"></van-cell>
        </div>
        <div>
          <van-index-anchor index="8">
            标题8
          </van-index-anchor>
          <van-cell title="文本"></van-cell>
          <van-cell title="文本"></van-cell>
          <van-cell title="文本"></van-cell>
        </div>
        <div>
          <van-index-anchor index="9">
            标题9
          </van-index-anchor>
          <van-cell title="文本"></van-cell>
          <van-cell title="文本"></van-cell>
          <van-cell title="文本"></van-cell>
        </div>
        <div>
          <van-index-anchor index="10">
            标题10
          </van-index-anchor>
          <van-cell title="文本"></van-cell>
          <van-cell title="文本"></van-cell>
          <van-cell title="文本"></van-cell>
        </div>
      </van-index-bar>
    </van-tab>
  </van-tabs>
</div>
`;
