// Jest Snapshot v1, https://goo.gl/fbAQLP

exports[`renders demo correctly 1`] = `
<div>
  <div>
    <van-notice-bar text="在代码阅读过程中人们说脏话的频率是衡量代码质量的唯一标准。" scrollable="" left-icon="volume-o"></van-notice-bar>
  </div>
  <div>
    <van-notice-bar scrollable="" text="技术是开发它的人的共同灵魂。"></van-notice-bar>
    <van-notice-bar text="在代码阅读过程中人们说脏话的频率是衡量代码质量的唯一标准。"></van-notice-bar>
  </div>
  <div>
    <van-notice-bar wrapable="" text="在代码阅读过程中人们说脏话的频率是衡量代码质量的唯一标准。"></van-notice-bar>
  </div>
  <div>
    <van-notice-bar mode="closeable" text="技术是开发它的人的共同灵魂。"></van-notice-bar>
    <van-notice-bar mode="link" text="技术是开发它的人的共同灵魂。"></van-notice-bar>
  </div>
  <div>
    <van-notice-bar text="技术是开发它的人的共同灵魂。" color="#1989fa" background="#ecf9ff" left-icon="info-o"></van-notice-bar>
  </div>
  <div>
    <van-notice-bar left-icon="volume-o">
      <van-swipe vertical="" autoplay="3000" class="notice-swipe">
        <van-swipe-item>内容 1</van-swipe-item>
        <van-swipe-item>内容 2</van-swipe-item>
        <van-swipe-item>内容 3</van-swipe-item>
      </van-swipe>
    </van-notice-bar>
  </div>
</div>
`;
