// Jest Snapshot v1, https://goo.gl/fbAQLP

exports[`renders demo correctly 1`] = `
<div>
  <div>
    <van-rate></van-rate>
  </div>
  <van-rate value="2"></van-rate>
  <div>
    <van-rate icon="like" void-icon="like-o"></van-rate>
  </div>
  <div>
    <van-rate size="25" color="#ffd21e" void-icon="star" void-color="#eee"></van-rate>
  </div>
  <div>
    <van-rate size="25" allow-half="" void-icon="star" void-color="#eee"></van-rate>
  </div>
  <div>
    <van-rate count="6"></van-rate>
  </div>
  <div>
    <van-rate disabled=""></van-rate>
  </div>
  <div>
    <van-rate readonly=""></van-rate>
  </div>
  <div>
    <van-rate></van-rate>
  </div>
</div>
`;
