// Jest Snapshot v1, https://goo.gl/fbAQLP

exports[`renders demo correctly 1`] = `
<div>
  <div>
    <div noallow="" role="button" tabindex="0" class="van-cell van-cell--clickable van-cell--center">
      <div vusion-slot-name="title" vusion-slot-name-edit="title" class="van-cell__title">展示弹出层</div>
      <van-icon name="arrow" class="van-cell__right-icon"></van-icon>
    </div>
    <!---->
  </div>
  <div>
    <div noallow="" role="button" tabindex="0" class="van-cell van-cell--clickable van-cell--center">
      <div vusion-slot-name="title" vusion-slot-name-edit="title" class="van-cell__title">展示弹出层</div>
      <van-icon name="arrow" class="van-cell__right-icon"></van-icon>
    </div>
    <!---->
  </div>
  <div>
    <div noallow="" role="button" tabindex="0" class="van-cell van-cell--clickable van-cell--center">
      <div vusion-slot-name="title" vusion-slot-name-edit="title" class="van-cell__title">顶部弹出</div>
      <van-icon name="arrow" class="van-cell__right-icon"></van-icon>
    </div>
    <div noallow="" role="button" tabindex="0" class="van-cell van-cell--clickable van-cell--center">
      <div vusion-slot-name="title" vusion-slot-name-edit="title" class="van-cell__title">底部弹出</div>
      <van-icon name="arrow" class="van-cell__right-icon"></van-icon>
    </div>
    <div noallow="" role="button" tabindex="0" class="van-cell van-cell--clickable van-cell--center">
      <div vusion-slot-name="title" vusion-slot-name-edit="title" class="van-cell__title">左侧弹出</div>
      <van-icon name="arrow" class="van-cell__right-icon"></van-icon>
    </div>
    <div noallow="" role="button" tabindex="0" class="van-cell van-cell--clickable van-cell--center">
      <div vusion-slot-name="title" vusion-slot-name-edit="title" class="van-cell__title">右侧弹出</div>
      <van-icon name="arrow" class="van-cell__right-icon"></van-icon>
    </div>
    <!---->
    <!---->
    <!---->
    <!---->
  </div>
  <div>
    <div noallow="" role="button" tabindex="0" class="van-cell van-cell--clickable van-cell--center">
      <div vusion-slot-name="title" vusion-slot-name-edit="title" class="van-cell__title">关闭图标</div>
      <van-icon name="arrow" class="van-cell__right-icon"></van-icon>
    </div>
    <div noallow="" role="button" tabindex="0" class="van-cell van-cell--clickable van-cell--center">
      <div vusion-slot-name="title" vusion-slot-name-edit="title" class="van-cell__title">自定义图标</div>
      <van-icon name="arrow" class="van-cell__right-icon"></van-icon>
    </div>
    <div noallow="" role="button" tabindex="0" class="van-cell van-cell--clickable van-cell--center">
      <div vusion-slot-name="title" vusion-slot-name-edit="title" class="van-cell__title">图标位置</div>
      <van-icon name="arrow" class="van-cell__right-icon"></van-icon>
    </div>
    <!---->
    <!---->
    <!---->
  </div>
  <div>
    <div noallow="" role="button" tabindex="0" class="van-cell van-cell--clickable van-cell--center">
      <div vusion-slot-name="title" vusion-slot-name-edit="title" class="van-cell__title">圆角弹窗</div>
      <van-icon name="arrow" class="van-cell__right-icon"></van-icon>
    </div>
    <!---->
  </div>
  <div>
    <div noallow="" role="button" tabindex="0" class="van-cell van-cell--clickable van-cell--center">
      <div vusion-slot-name="title" vusion-slot-name-edit="title" class="van-cell__title">指定挂载节点</div>
      <van-icon name="arrow" class="van-cell__right-icon"></van-icon>
    </div>
  </div>
</div>
`;
