// Jest Snapshot v1, https://goo.gl/fbAQLP

exports[`renders demo correctly 1`] = `
<div>
  <div>
    <div class="van-cell van-cell--clickable van-cell--center" noallow role="button" tabindex="0">
      <div class="van-cell__title" vusion-slot-name="title" vusion-slot-name-edit="title">展示弹出层</div>
      <i class="van-icon van-icon-arrow van-cell__right-icon"></i>
    </div>
  </div>
  <div>
    <div class="van-cell van-cell--clickable van-cell--center" noallow role="button" tabindex="0">
      <div class="van-cell__title" vusion-slot-name="title" vusion-slot-name-edit="title">展示弹出层</div>
      <i class="van-icon van-icon-arrow van-cell__right-icon"></i>
    </div>
  </div>
  <div>
    <div class="van-cell van-cell--clickable van-cell--center" noallow role="button" tabindex="0">
      <div class="van-cell__title" vusion-slot-name="title" vusion-slot-name-edit="title">顶部弹出</div>
      <i class="van-icon van-icon-arrow van-cell__right-icon"></i>
    </div>
    <div class="van-cell van-cell--clickable van-cell--center" noallow role="button" tabindex="0">
      <div class="van-cell__title" vusion-slot-name="title" vusion-slot-name-edit="title">底部弹出</div>
      <i class="van-icon van-icon-arrow van-cell__right-icon"></i>
    </div>
    <div class="van-cell van-cell--clickable van-cell--center" noallow role="button" tabindex="0">
      <div class="van-cell__title" vusion-slot-name="title" vusion-slot-name-edit="title">左侧弹出</div>
      <i class="van-icon van-icon-arrow van-cell__right-icon"></i>
    </div>
    <div class="van-cell van-cell--clickable van-cell--center" noallow role="button" tabindex="0">
      <div class="van-cell__title" vusion-slot-name="title" vusion-slot-name-edit="title">右侧弹出</div>
      <i class="van-icon van-icon-arrow van-cell__right-icon"></i>
    </div>
  </div>
  <div>
    <div class="van-cell van-cell--clickable van-cell--center" noallow role="button" tabindex="0">
      <div class="van-cell__title" vusion-slot-name="title" vusion-slot-name-edit="title">关闭图标</div>
      <i class="van-icon van-icon-arrow van-cell__right-icon"></i>
    </div>
    <div class="van-cell van-cell--clickable van-cell--center" noallow role="button" tabindex="0">
      <div class="van-cell__title" vusion-slot-name="title" vusion-slot-name-edit="title">自定义图标</div>
      <i class="van-icon van-icon-arrow van-cell__right-icon"></i>
    </div>
    <div class="van-cell van-cell--clickable van-cell--center" noallow role="button" tabindex="0">
      <div class="van-cell__title" vusion-slot-name="title" vusion-slot-name-edit="title">图标位置</div>
      <i class="van-icon van-icon-arrow van-cell__right-icon"></i>
    </div>
  </div>
  <div>
    <div class="van-cell van-cell--clickable van-cell--center" noallow role="button" tabindex="0">
      <div class="van-cell__title" vusion-slot-name="title" vusion-slot-name-edit="title">圆角弹窗</div>
      <i class="van-icon van-icon-arrow van-cell__right-icon"></i>
    </div>
  </div>
  <div>
    <div class="van-cell van-cell--clickable van-cell--center" noallow role="button" tabindex="0">
      <div class="van-cell__title" vusion-slot-name="title" vusion-slot-name-edit="title">指定挂载节点</div>
      <i class="van-icon van-icon-arrow van-cell__right-icon"></i>
    </div>
  </div>
</div>
`;
