// Jest Snapshot v1, https://goo.gl/fbAQLP

exports[`renders demo correctly 1`] = `
<div>
  <div>
    <van-popover trigger="click" actions="[object Object],[object Object],[object Object]" placement="bottom-start" style="margin-left: 16px;">
      <van-popover-item text="标签名称1"></van-popover-item>
      <van-popover-item text="标签名称2"></van-popover-item>
      <van-popover-item text="标签名称3"></van-popover-item>
    </van-popover>
    <van-popover trigger="click" actions="[object Object],[object Object],[object Object]" placement="bottom-start" style="margin-left: 16px;"></van-popover>
    <van-popover theme="dark" trigger="click" actions="[object Object],[object Object],[object Object]" style="margin-left: 16px;"></van-popover>
  </div>
  <div>
    <van-field is-link="" readonly="" name="picker" label="选择弹出位置"></van-field>
    <van-popup round="" position="bottom" get-container="body">
      <div class="demo-popover-box">
        <van-popover theme="dark" trigger="click" actions="[object Object],[object Object]" placement="top"></van-popover>
      </div>
      <van-picker columns="top,top-start,top-end,left,left-start,left-end,right,right-start,right-end,bottom,bottom-start,bottom-end"></van-picker>
    </van-popup>
  </div>
  <div>
    <van-popover trigger="click" actions="[object Object],[object Object],[object Object]" placement="bottom-start" style="margin-left: 16px;"></van-popover>
    <van-popover trigger="click" actions="[object Object],[object Object],[object Object]" style="margin-left: 16px;"></van-popover>
  </div>
  <div>
    <van-popover trigger="click" placement="top-start" style="margin-left: 16px;">
      <van-grid square="" clickable="" column-num="3" style="width: 240px;">
        <van-grid-item icon="photo-o" text="选项"></van-grid-item>
        <van-grid-item icon="photo-o" text="选项"></van-grid-item>
        <van-grid-item icon="photo-o" text="选项"></van-grid-item>
        <van-grid-item icon="photo-o" text="选项"></van-grid-item>
        <van-grid-item icon="photo-o" text="选项"></van-grid-item>
        <van-grid-item icon="photo-o" text="选项"></van-grid-item>
      </van-grid>
    </van-popover>
  </div>
</div>
`;
