// Jest Snapshot v1, https://goo.gl/fbAQLP

exports[`renders demo correctly 1`] = `
<div>
  <div>
    <van-coupon-cell coupons="[object Object],[object Object]" chosen-coupon="-1"></van-coupon-cell>
    <van-popup round="" position="bottom" style="height: 90%; padding-top: 4px;">
      <van-coupon-list coupons="[object Object],[object Object]" chosen-coupon="-1" disabled-coupons="[object Object],[object Object]"></van-coupon-list>
    </van-popup>
  </div>
</div>
`;
