// Jest Snapshot v1, https://goo.gl/fbAQLP

exports[`renders demo correctly 1`] = `
<div>
  <div>
    <van-cell is-link="" title="文字提示"></van-cell>
    <van-cell is-link="" title="加载提示"></van-cell>
    <van-cell is-link="" title="成功提示"></van-cell>
    <van-cell is-link="" title="失败提示"></van-cell>
  </div>
  <div>
    <van-cell is-link="" title="自定义图标"></van-cell>
    <van-cell is-link="" title="自定义图片"></van-cell>
    <van-cell is-link="" title="自定义加载图标"></van-cell>
  </div>
  <div>
    <van-cell is-link="" title="顶部展示"></van-cell>
    <van-cell is-link="" title="底部展示"></van-cell>
  </div>
  <div>
    <van-cell is-link="" title="动态更新提示"></van-cell>
  </div>
  <div>
    <van-toast message="弹出消息" duration="0" type="custom" custom-icon="info" style="--van-toast-text-color: red;"></van-toast>
    <van-button>打开toast</van-button>
    <van-button>关闭toast</van-button>
    <van-toast message="弹出消息" duration="0" type="custom" custom-icon="info" style="--van-toast-text-color: yellow;"></van-toast>
    <van-button>打开toast</van-button>
    <van-button>关闭toast</van-button>
  </div>
</div>
`;
