// Jest Snapshot v1, https://goo.gl/fbAQLP

exports[`renders demo correctly 1`] = `
<div>
  <div>
    <van-progress percentage="50"></van-progress>
  </div>
  <div>
    <van-progress percentage="50" stroke-width="8"></van-progress>
  </div>
  <div>
    <van-progress inactive="" percentage="50"></van-progress>
  </div>
  <div>
    <van-progress color="#f2826a" percentage="25" pivot-text="橙色"></van-progress>
    <van-progress color="#ee0a24" percentage="50" pivot-text="红色"></van-progress>
    <van-progress percentage="75" pivot-text="紫色" pivot-color="#7232dd" color="linear-gradient(to right, #be99ff, #7232dd)"></van-progress>
  </div>
  <div>
    <van-form>
      <van-field required="true" drole="other"></van-field>
    </van-form>
  </div>
</div>
`;
