// Jest Snapshot v1, https://goo.gl/fbAQLP

exports[`renders demo correctly 1`] = `
<div>
  <div>
    <van-grid>
      <van-grid-item icon="photo-o" text="文字"></van-grid-item>
      <van-grid-item icon="photo-o" text="文字"></van-grid-item>
      <van-grid-item icon="photo-o" text="文字"></van-grid-item>
      <van-grid-item icon="photo-o" text="文字"></van-grid-item>
    </van-grid>
  </div>
  <div>
    <van-grid column-num="3">
      <van-grid-item icon="photo-o" text="文字"></van-grid-item>
      <van-grid-item icon="photo-o" text="文字"></van-grid-item>
      <van-grid-item icon="photo-o" text="文字"></van-grid-item>
      <van-grid-item icon="photo-o" text="文字"></van-grid-item>
      <van-grid-item icon="photo-o" text="文字"></van-grid-item>
      <van-grid-item icon="photo-o" text="文字"></van-grid-item>
    </van-grid>
  </div>
  <div>
    <van-grid column-num="3">
      <van-grid-item>
        <van-image fit="contain" src="https://img01.yzcdn.cn/vant/apple-1.jpg"></van-image>
      </van-grid-item>
      <van-grid-item>
        <van-image fit="contain" src="https://img01.yzcdn.cn/vant/apple-2.jpg"></van-image>
      </van-grid-item>
      <van-grid-item>
        <van-image fit="contain" src="https://img01.yzcdn.cn/vant/apple-3.jpg"></van-image>
      </van-grid-item>
    </van-grid>
  </div>
  <div>
    <van-grid square="">
      <van-grid-item icon="photo-o" text="文字"></van-grid-item>
      <van-grid-item icon="photo-o" text="文字"></van-grid-item>
      <van-grid-item icon="photo-o" text="文字"></van-grid-item>
      <van-grid-item icon="photo-o" text="文字"></van-grid-item>
      <van-grid-item icon="photo-o" text="文字"></van-grid-item>
      <van-grid-item icon="photo-o" text="文字"></van-grid-item>
      <van-grid-item icon="photo-o" text="文字"></van-grid-item>
      <van-grid-item icon="photo-o" text="文字"></van-grid-item>
    </van-grid>
  </div>
  <div>
    <van-grid gutter="10">
      <van-grid-item icon="photo-o" text="文字"></van-grid-item>
      <van-grid-item icon="photo-o" text="文字"></van-grid-item>
      <van-grid-item icon="photo-o" text="文字"></van-grid-item>
      <van-grid-item icon="photo-o" text="文字"></van-grid-item>
      <van-grid-item icon="photo-o" text="文字"></van-grid-item>
      <van-grid-item icon="photo-o" text="文字"></van-grid-item>
      <van-grid-item icon="photo-o" text="文字"></van-grid-item>
      <van-grid-item icon="photo-o" text="文字"></van-grid-item>
    </van-grid>
  </div>
  <div>
    <van-grid direction="horizontal" column-num="3">
      <van-grid-item icon="photo-o" text="文字"></van-grid-item>
      <van-grid-item icon="photo-o" text="文字"></van-grid-item>
      <van-grid-item icon="photo-o" text="文字"></van-grid-item>
    </van-grid>
  </div>
  <div>
    <van-grid clickable="" column-num="2">
      <van-grid-item icon="home-o" text="路由跳转" to="/"></van-grid-item>
      <van-grid-item icon="search" text="URL 跳转" url="/vant/mobile.html"></van-grid-item>
    </van-grid>
  </div>
  <div>
    <van-grid column-num="2">
      <van-grid-item icon="home-o" text="文字" dot=""></van-grid-item>
      <van-grid-item icon="search" text="文字" badge="99+"></van-grid-item>
    </van-grid>
  </div>
</div>
`;
