// Jest Snapshot v1, https://goo.gl/fbAQLP

exports[`renders demo correctly 1`] = `
<div>
  <div>
    <div>0</div>
    <van-steps direction="vertical" active="0" data-source="function () { [native code] }"></van-steps>
    <van-steps>
      <van-step>sadsdfsadsafdasafasd阿斯顿发生发顺丰阿斯顿发送到发的是分身乏术的阿斯顿夫妇撒地方水电费水电费是大丰收打发分身乏术地方</van-step>
      <van-step icon="sure">2</van-step>
      <van-step>3</van-step>
    </van-steps>
    <van-steps direction="vertical">
      <van-step>sadsdfsadsafdasafasd阿斯顿发生发顺丰阿斯顿发送到发的是分身乏术的阿斯顿夫妇撒地方水电费水电费是大丰收打发分身乏术地方</van-step>
      <van-step icon="sure">2</van-step>
      <van-step>3</van-step>
    </van-steps>
  </div>
</div>
`;
