// Jest Snapshot v1, https://goo.gl/fbAQLP

exports[`renders demo correctly 1`] = `
<div>
  <div>
    <ul class="van-pagination van-pagination--simple">
      <li class="van-pagination__item van-pagination__item--disabled van-pagination__prev"></li>
      <li class="van-pagination__page-desc">1/5</li>
      <li class="van-pagination__item van-pagination__next"></li>
    </ul>
  </div>
  <div>
    <ul class="van-pagination van-pagination--simple" size="small">
      <li class="van-pagination__item van-pagination__item--disabled van-pagination__prev"></li>
      <li class="van-pagination__page-desc">1/12</li>
      <li class="van-pagination__item van-pagination__next"></li>
    </ul>
  </div>
  <div>
    <ul class="van-pagination van-pagination--simple">
      <li class="van-pagination__item van-pagination__item--disabled van-pagination__prev"></li>
      <li class="van-pagination__page-desc">1/13</li>
      <li class="van-pagination__item van-pagination__next"></li>
    </ul>
  </div>
  <div>
    <ul class="van-pagination van-pagination--simple">
      <li class="van-pagination__item van-pagination__item--disabled van-pagination__prev">
        <van-icon name="arrow-left"></van-icon>
      </li>
      <li class="van-pagination__page-desc">1/13</li>
      <li class="van-pagination__item van-pagination__next">
        <van-icon name="arrow"></van-icon>
      </li>
    </ul>
  </div>
</div>
`;
