// Jest Snapshot v1, https://goo.gl/fbAQLP

exports[`renders demo correctly 1`] = `
<div>
  <div>
    <van-card num="2" price="2.00" desc="描述信息" title="商品名称" thumb="https://img01.yzcdn.cn/vant/ipad.jpeg"></van-card>
  </div>
  <div>
    <van-card num="2" price="2.00" origin-price="10.00" tag="标签" desc="描述信息" title="商品名称" thumb="https://img01.yzcdn.cn/vant/ipad.jpeg"></van-card>
  </div>
  <div>
    <van-card num="2" price="2.00" desc="描述信息" title="商品名称" thumb="https://img01.yzcdn.cn/vant/ipad.jpeg"></van-card>
  </div>
</div>
`;
