// Jest Snapshot v1, https://goo.gl/fbAQLP

exports[`renders demo correctly 1`] = `
<div>
  <div>
    <van-swipe autoplay="3000" indicator-color="white" style="height: 300px;">
      <van-swipe-item>1</van-swipe-item>
      <van-swipe-item>2</van-swipe-item>
      <van-swipe-item>3</van-swipe-item>
      <van-swipe-item>4</van-swipe-item>
    </van-swipe>
  </div>
  <div>
    <van-swipe autoplay="3000">
      <van-swipe-item><img data-src="https://img01.yzcdn.cn/vant/apple-1.jpg" src="data:image/gif;base64,R0lGODlhAQABAIAAAAAAAP///yH5BAEAAAAALAAAAAABAAEAAAIBRAA7" lazy="loading"></van-swipe-item>
      <van-swipe-item><img data-src="https://img01.yzcdn.cn/vant/apple-2.jpg" src="data:image/gif;base64,R0lGODlhAQABAIAAAAAAAP///yH5BAEAAAAALAAAAAABAAEAAAIBRAA7" lazy="loading"></van-swipe-item>
      <van-swipe-item><img data-src="https://img01.yzcdn.cn/vant/apple-3.jpg" src="data:image/gif;base64,R0lGODlhAQABAIAAAAAAAP///yH5BAEAAAAALAAAAAABAAEAAAIBRAA7" lazy="loading"></van-swipe-item>
      <van-swipe-item><img data-src="https://img01.yzcdn.cn/vant/apple-4.jpg" src="data:image/gif;base64,R0lGODlhAQABAIAAAAAAAP///yH5BAEAAAAALAAAAAABAAEAAAIBRAA7" lazy="loading"></van-swipe-item>
    </van-swipe>
  </div>
  <div>
    <van-swipe indicator-color="white">
      <van-swipe-item>1</van-swipe-item>
      <van-swipe-item>2</van-swipe-item>
      <van-swipe-item>3</van-swipe-item>
      <van-swipe-item>4</van-swipe-item>
    </van-swipe>
  </div>
  <div>
    <van-swipe vertical="" autoplay="3000" indicator-color="white" class="demo-swipe--vertical" style="height: 200px;">
      <van-swipe-item>1</van-swipe-item>
      <van-swipe-item>2</van-swipe-item>
      <van-swipe-item>3</van-swipe-item>
      <van-swipe-item>4</van-swipe-item>
    </van-swipe>
  </div>
  <div>
    <van-swipe width="300" indicator-color="white">
      <van-swipe-item>1</van-swipe-item>
      <van-swipe-item>2</van-swipe-item>
      <van-swipe-item>3</van-swipe-item>
      <van-swipe-item>4</van-swipe-item>
    </van-swipe>
  </div>
  <div>
    <van-swipe>
      <van-swipe-item>1</van-swipe-item>
      <van-swipe-item>2</van-swipe-item>
      <van-swipe-item>3</van-swipe-item>
      <van-swipe-item>4</van-swipe-item>
    </van-swipe>
  </div>
</div>
`;
