// Jest Snapshot v1, https://goo.gl/fbAQLP

exports[`renders demo correctly 1`] = `
<div>
  <div>
    <div class="van-row van-row--flex">
      <div allowchild="true" class="van-col van-col--12 van-col--offset-12" empty="true" vusion-slot-name="default"></div>
    </div>
    <div class="van-row van-row--flex">
      <div allowchild="true" class="van-col van-col--8" vusion-slot-name="default">span: 8</div>
      <div allowchild="true" class="van-col van-col--8" vusion-slot-name="default">span: 8</div>
      <div allowchild="true" class="van-col van-col--8" vusion-slot-name="default">span: 8</div>
    </div>
    <div class="van-row van-row--flex">
      <div allowchild="true" class="van-col van-col--4" vusion-slot-name="default">span: 4</div>
      <div allowchild="true" class="van-col van-col--10 van-col--offset-4" vusion-slot-name="default">
        offset: 4, span: 10
      </div>
    </div>
    <div class="van-row van-row--flex">
      <div allowchild="true" class="van-col van-col--12 van-col--offset-12" vusion-slot-name="default">
        offset: 12, span: 12
      </div>
    </div>
    <div class="van-row van-row--flex">
      <div class="van-row van-row--flex">
        <div allowchild="true" class="van-col van-col--8" vusion-slot-name="default">8</div>
        <div allowchild="true" class="van-col van-col--8" vusion-slot-name="default">8</div>
        <div allowchild="true" class="van-col van-col--8" vusion-slot-name="default">8</div>
      </div>
      <div class="van-row van-row--flex">
        <div allowchild="true" class="van-col van-col--8" vusion-slot-name="default">8</div>
        <div allowchild="true" class="van-col van-col--8" vusion-slot-name="default">8</div>
        <div allowchild="true" class="van-col van-col--8" vusion-slot-name="default">8</div>
      </div>
    </div>
  </div>
  <div>
    <div class="van-row van-row--flex">
      <div allowchild="true" class="van-col van-col--8" style="padding-right: 13.333333333333334px;" vusion-slot-name="default">span: 8</div>
      <div allowchild="true" class="van-col van-col--8" style="padding-left: 6.666666666666666px; padding-right: 6.666666666666668px;" vusion-slot-name="default">span: 8</div>
      <div allowchild="true" class="van-col van-col--8" style="padding-left: 13.333333333333332px;" vusion-slot-name="default">span: 8</div>
    </div>
  </div>
  <div>
    <div class="van-row van-row--flex">
      <div allowchild="true" class="van-col van-col--6" vusion-slot-name="default">span: 6</div>
      <div allowchild="true" class="van-col van-col--6" vusion-slot-name="default">span: 6</div>
      <div allowchild="true" class="van-col van-col--6" vusion-slot-name="default">span: 6</div>
    </div>
    <div class="van-row van-row--flex van-row--justify-center">
      <div allowchild="true" class="van-col van-col--6" vusion-slot-name="default">span: 6</div>
      <div allowchild="true" class="van-col van-col--6" vusion-slot-name="default">span: 6</div>
      <div allowchild="true" class="van-col van-col--6" vusion-slot-name="default">span: 6</div>
    </div>
    <div class="van-row van-row--flex van-row--justify-end">
      <div allowchild="true" class="van-col van-col--6" vusion-slot-name="default">span: 6</div>
      <div allowchild="true" class="van-col van-col--6" vusion-slot-name="default">span: 6</div>
      <div allowchild="true" class="van-col van-col--6" vusion-slot-name="default">span: 6</div>
    </div>
    <div class="van-row van-row--flex van-row--justify-space-between">
      <div allowchild="true" class="van-col van-col--6" vusion-slot-name="default">span: 6</div>
      <div allowchild="true" class="van-col van-col--6" vusion-slot-name="default">span: 6</div>
      <div allowchild="true" class="van-col van-col--6" vusion-slot-name="default">span: 6</div>
    </div>
    <div class="van-row van-row--flex van-row--justify-space-around">
      <div allowchild="true" class="van-col van-col--6" vusion-slot-name="default">span: 6</div>
      <div allowchild="true" class="van-col van-col--6" vusion-slot-name="default">span: 6</div>
      <div allowchild="true" class="van-col van-col--6" vusion-slot-name="default">span: 6</div>
    </div>
    <div class="van-row van-row--flex van-row--align-end">
      <div allowchild="true" class="van-col van-col--18 van-col--flex van-col--align-end" vusion-slot-name="default">
        <button class="van-button van-button--default van-button--normal van-button--square">
          <div class="van-button__content">
            <span class="van-button__text">1</span>
          </div>
        </button>
        <button class="van-button van-button--default van-button--normal van-button--square">
          <div class="van-button__content">
            <span class="van-button__text">2</span>
          </div>
        </button>
        <button class="van-button van-button--default van-button--normal van-button--square">
          <div class="van-button__content">
            <span class="van-button__text">3</span>
          </div>
        </button>
      </div>
    </div>
  </div>
</div>
`;
