// Jest Snapshot v1, https://goo.gl/fbAQLP

exports[`renders demo correctly 1`] = `
<div>
  <div>
    <van-password-input value="123" focused="true"></van-password-input>
  </div>
  <div>
    <van-password-input value="123" length="4"></van-password-input>
  </div>
  <div>
    <van-password-input value="123" gutter="10"></van-password-input>
  </div>
  <div>
    <van-password-input value="123"></van-password-input>
  </div>
  <div>
    <van-password-input info="密码为 6 位数字" value="123" error-info=""></van-password-input>
  </div>
  <van-number-keyboard show="true"></van-number-keyboard>
</div>
`;
