// Jest Snapshot v1, https://goo.gl/fbAQLP

exports[`renders demo correctly 1`] = `
<div>
  <div>
    <div class="van-cascader__wrapppcascader" datasource1="[object Object],[object Object]">
      <div class="van-cellson van-cellson--center van-cellson--insel van-field" noallow>
        <div class="van-cellson__title van-field__label van-field__labelhasslots" vusion-slot-name="title">
          <span class="root" vusion-slot-name-edit="text">
            地区
          </span>
        </div>
        <div class="van-cellson__value van-field__value">
          <div class="van-field__body">
            <input class="van-field__control van-field__control--right" readonly="readonly" type="text">
          </div>
        </div>
      </div>
    </div>
  </div>
</div>
`;
