// Jest Snapshot v1, https://goo.gl/fbAQLP

exports[`renders demo correctly 1`] = `
<div>
  <div>
    <van-cascader title="请选择所在地区" datasource="[object Object],[object Object],[object Object],[object Object]" tree-display="true" filterable="true" closeonclickoverlay="true"></van-cascader>
  </div>
  <div>
    <van-cascader title="请选择所在地区" datasource="[object Object],[object Object],[object Object],[object Object]" tree-display="true" filterable="true" closeonclickoverlay="true" readonly=""></van-cascader>
  </div>
  <div>
    <van-cascader title="请选择所在地区" datasource="[object Object],[object Object],[object Object],[object Object]" tree-display="true" filterable="true" closeonclickoverlay="true" disabled=""></van-cascader>
  </div>
</div>
`;
