// Jest Snapshot v1, https://goo.gl/fbAQLP

exports[`renders demo correctly 1`] = `
<div>
  <div>
    <van-slider></van-slider>
  </div>
  <div>
    <van-slider range=""></van-slider>
  </div>
  <div>
    <van-slider min="-50" max="50"></van-slider>
  </div>
  <div>
    <van-slider disabled=""></van-slider>
  </div>
  <div>
    <van-slider step="10"></van-slider>
  </div>
  <div>
    <van-slider bar-height="4px" active-color="#ee0a24"></van-slider>
  </div>
  <div>
    <van-slider active-color="#ee0a24" custom=""></van-slider>
  </div>
  <div>
    <div style="height: 150px; padding-left: 30px; display: flex;">
      <van-slider vertical="" custom=""></van-slider>
      <van-slider range="" vertical=""></van-slider>
    </div>
  </div>
</div>
`;
