// Jest Snapshot v1, https://goo.gl/fbAQLP

exports[`renders demo correctly 1`] = `
<div>
  <div>
    <div class="van-contact-edit">
      <div class="van-contact-edit__fields">
        <div label-layout="inline" noallow="" class="van-cellson van-cellson--center van-field">
          <div vusion-slot-name="title" class="van-cellson__title van-field__label"><span>姓名</span></div>
          <div class="van-cellson__value van-field__value">
            <div class="van-field__body"><input type="text" placeholder="请填写姓名" class="van-field__control"></div>
          </div>
        </div>
        <div label-layout="inline" noallow="" class="van-cellson van-cellson--center van-field">
          <div vusion-slot-name="title" class="van-cellson__title van-field__label"><span>电话</span></div>
          <div class="van-cellson__value van-field__value">
            <div class="van-field__body"><input type="tel" placeholder="请填写电话" class="van-field__control"></div>
          </div>
        </div>
      </div>
      <div noallow="" role="button" tabindex="0" class="van-cell van-cell--clickable van-cell--center van-cell--borderless van-contact-edit__switch-cell">
        <div vusion-slot-name="title" vusion-slot-name-edit="title" class="van-cell__title">设为默认联系人</div>
        <div role="switch" aria-checked="false" class="van-switch" style="font-size: 24px;">
          <div class="van-switch__node"></div>
        </div>
      </div>
      <div class="van-contact-edit__buttons"><button round="true" class="van-button van-button--danger van-button--normal van-button--square">
          <div class="van-button__content"><span class="van-button__text">保存</span></div>
        </button><button round="true" class="van-button van-button--default van-button--normal van-button--square">
          <div class="van-button__content"><span class="van-button__text">删除</span></div>
        </button></div>
    </div>
  </div>
</div>
`;
