// Jest Snapshot v1, https://goo.gl/fbAQLP

exports[`renders demo correctly 1`] = `
<div>
  <div>
    <div class="demo-radio-group van-radio-group van-radio-group--horizontal">
      <div style="position: relative; width: 33.333333333333336%;">
        <div aria-checked="false" class="van-radio van-radio--horizontal" role="radio" tabindex="-1">
          <div class="van-radio__icon van-radio__icon--round">
            <i class="van-icon van-icon-success"></i>
          </div>
          <span class="van-radio__label" vusion-slot-name="default">选框1</span>
        </div>
      </div>
      <div style="position: relative; width: 33.333333333333336%;">
        <div aria-checked="false" class="van-radio van-radio--horizontal" role="radio" tabindex="-1">
          <div class="van-radio__icon van-radio__icon--round">
            <i class="van-icon van-icon-success"></i>
          </div>
          <span class="van-radio__label" vusion-slot-name="default">选框2</span>
        </div>
      </div>
      <div style="position: relative; width: 33.333333333333336%;">
        <div aria-checked="false" class="van-radio van-radio--horizontal" role="radio" tabindex="-1">
          <div class="van-radio__icon van-radio__icon--round">
            <i class="van-icon van-icon-success"></i>
          </div>
          <span class="van-radio__label" vusion-slot-name="default">选框3</span>
        </div>
      </div>
      <div style="position: relative; width: 33.333333333333336%;">
        <div aria-checked="false" class="van-radio van-radio--horizontal" role="radio" tabindex="-1">
          <div class="van-radio__icon van-radio__icon--round">
            <i class="van-icon van-icon-success"></i>
          </div>
          <span class="van-radio__label" vusion-slot-name="default">选框4</span>
        </div>
      </div>
      <div style="position: relative; width: 33.333333333333336%;">
        <div aria-checked="false" class="van-radio van-radio--horizontal" role="radio" tabindex="-1">
          <div class="van-radio__icon van-radio__icon--round">
            <i class="van-icon van-icon-success"></i>
          </div>
          <span class="van-radio__label" vusion-slot-name="default">选框500</span>
        </div>
      </div>
      <div style="position: relative; width: 33.333333333333336%;">
        <div aria-checked="false" class="van-radio van-radio--horizontal" role="radio" tabindex="-1">
          <div class="van-radio__icon van-radio__icon--round">
            <i class="van-icon van-icon-success"></i>
          </div>
          <span class="van-radio__label" vusion-slot-name="default">选框6</span>
        </div>
      </div>
      <div style="position: relative; width: 33.333333333333336%;">
        <div aria-checked="false" class="van-radio van-radio--horizontal" role="radio" tabindex="-1">
          <div class="van-radio__icon van-radio__icon--round">
            <i class="van-icon van-icon-success"></i>
          </div>
          <span class="van-radio__label" vusion-slot-name="default">选框7</span>
        </div>
      </div>
      <div style="position: relative; width: 33.333333333333336%;">
        <div aria-checked="false" class="van-radio van-radio--horizontal" role="radio" tabindex="-1">
          <div class="van-radio__icon van-radio__icon--round">
            <i class="van-icon van-icon-success"></i>
          </div>
          <span class="van-radio__label" vusion-slot-name="default">选框8</span>
        </div>
      </div>
      <div style="position: relative; width: 33.333333333333336%;">
        <div aria-checked="false" class="van-radio van-radio--horizontal" role="radio" tabindex="-1">
          <div class="van-radio__icon van-radio__icon--round">
            <i class="van-icon van-icon-success"></i>
          </div>
          <span class="van-radio__label" vusion-slot-name="default">选框9</span>
        </div>
      </div>
    </div>
  </div>
</div>
`;
