// Jest Snapshot v1, https://goo.gl/fbAQLP

exports[`renders demo correctly 1`] = `
<div>
  <van-circle stroke-linecap="sqaure" value="40" rate="30" speed="200" text="70%"></van-circle>
  <div>
    <van-circle stroke-linecap="sqaure" rate="400" speed="100" text="70%"></van-circle>
    <van-circle value="70" rate="200" speed="100" text="70%"></van-circle>
  </div>
  <div>
    <van-circle rate="70" speed="100" stroke-width="60" text="宽度定制"></van-circle>
    <van-circle color="#ee0a24" rate="70" layer-color="#ebedf0" speed="100" text="颜色定制"></van-circle>
    <van-circle rate="70" speed="100" color="[object Object]" text="渐变色"></van-circle>
    <van-circle color="#07c160" rate="70" speed="100" text="逆时针" style="margin-top: 15px;"></van-circle>
    <van-circle color="#7232dd" rate="70" speed="100" size="120px" text="大小定制" style="margin-top: 15px;"></van-circle>
  </div>
  <div style="margin-top: 15px;">
    <van-button text="增加" type="primary" size="small"></van-button>
    <van-button text="减少" type="danger" size="small"></van-button>
  </div>
</div>
`;
