// Jest Snapshot v1, https://goo.gl/fbAQLP

exports[`renders demo correctly 1`] = `
<div>
  <van-tabs>
    <van-tab title="基础用法">
      <van-pull-refresh>
        <p>下拉试试</p>
      </van-pull-refresh>
    </van-tab>
    <van-tab title="成功提示">
      <van-pull-refresh success-text="刷新成功">
        <p>下拉试试</p>
      </van-pull-refresh>
    </van-tab>
    <van-tab title="自定义提示">
      <van-pull-refresh head-height="80">
        <p>下拉试试</p>
      </van-pull-refresh>
    </van-tab>
  </van-tabs>
</div>
`;
