// Jest Snapshot v1, https://goo.gl/fbAQLP

exports[`renders demo correctly 1`] = `
<div>
  <div class="van-tabs van-tabs--line">
    <div class="van-tabs__wrap">
      <div class="van-tabs__nav van-tabs__nav--line" role="tablist">
        <div aria-selected="true" class="van-tab van-tab--active" role="tab" undefined vusion-slot-name="title">
          <span class="van-tab__text van-tab__text--ellipsis" vusion-slot-name-edit="title">基础用法</span>
        </div>
        <div class="van-tab" role="tab" undefined vusion-slot-name="title">
          <span class="van-tab__text van-tab__text--ellipsis" vusion-slot-name-edit="title">成功提示</span>
        </div>
        <div class="van-tab" role="tab" undefined vusion-slot-name="title">
          <span class="van-tab__text van-tab__text--ellipsis" vusion-slot-name-edit="title">自定义提示</span>
        </div>
        <div class="van-tabs__line" style="transform: translateX(0px) translateX(-50%);"></div>
      </div>
    </div>
    <div class="van-tabs__content">
      <div class="van-tab__pane" role="tabpanel" style vusion-slot-name="default">
        <div class="van-pull-refresh">
          <div class="van-pull-refresh__track" style="transition-duration: 0ms;">
            <div class="van-pull-refresh__head"></div>
            <p>下拉试试</p>
          </div>
        </div>
      </div>
      <div class="van-tab__pane" role="tabpanel" style="display: none;" vusion-slot-name="default"></div>
      <div class="van-tab__pane" role="tabpanel" style="display: none;" vusion-slot-name="default"></div>
    </div>
  </div>
</div>
`;
