// Jest Snapshot v1, https://goo.gl/fbAQLP

exports[`renders demo correctly 1`] = `
<div>
  <div>
    <form class="van-form">
      <div class="van-cellson van-cellson--center van-cellson--required van-field" is-sub>
        <div class="van-cellson__title van-field__label van-field__labelhasslots" vusion-slot-name="title">
          <span class="root" vusion-slot-name-edit="text">
            名称
          </span>
        </div>
        <div class="van-cellson__value van-field__value">
          <div class="van-field__body">
            <div class="van-fieldinput__newwrap van-fieldinput__newwrap--clearwrap">
              <input class="van-fieldinput__control van-fieldinput__control--custom" placeholder="请输入" role="fieldinput" style="height: auto;" type="integer" vusion-click-enabled="true">
            </div>
          </div>
        </div>
      </div>
      <div class="van-cellson van-cellson--center van-cellson--required van-field" is-sub>
        <div class="van-cellson__title van-field__label van-field__labelhasslots" vusion-slot-name="title">
          <span class="root" vusion-slot-name-edit="text">
            单选框
          </span>
        </div>
        <div class="van-cellson__value van-field__value">
          <div class="van-field__body">
            <div class="van-field__control van-field__control--custom">
              <div class="van-radio-group van-radio-group--horizontal">
                <div aria-checked="false" class="van-radio van-radio--horizontal" role="radio" tabindex="-1">
                  <div class="van-radio__icon van-radio__icon--round">
                    <i class="van-icon van-icon-success"></i>
                  </div>
                  <span class="van-radio__label" vusion-slot-name="default">单选框 1</span>
                </div>
                <div aria-checked="false" class="van-radio van-radio--horizontal" role="radio" tabindex="-1">
                  <div class="van-radio__icon van-radio__icon--round">
                    <i class="van-icon van-icon-success"></i>
                  </div>
                  <span class="van-radio__label" vusion-slot-name="default">单选框 2</span>
                </div>
              </div>
            </div>
          </div>
        </div>
      </div>
      <div class="van-cellson van-cellson--center van-cellson--required van-field" is-sub>
        <div class="van-cellson__title van-field__label van-field__labelhasslots" vusion-slot-name="title">
          <span class="root" vusion-slot-name-edit="text">
            多选框
          </span>
        </div>
        <div class="van-cellson__value van-field__value">
          <div class="van-field__body">
            <div class="van-field__control van-field__control--custom">
              <div class="van-checkbox-group van-checkbox-group--horizontal">
                <div aria-checked="false" class="van-checkbox van-checkbox--horizontal" role="checkbox" tabindex="0">
                  <div class="van-checkbox__icon van-checkbox__icon--square">
                    <i class="van-icon van-icon-success"></i>
                  </div>
                  <span class="van-checkbox__label" vusion-slot-name="default">
                    <span class="root" vusion-slot-name-edit="text">
                      节点
                    </span>
                  </span>
                </div>
                <div aria-checked="false" class="van-checkbox van-checkbox--horizontal" role="checkbox" tabindex="0">
                  <div class="van-checkbox__icon van-checkbox__icon--square">
                    <i class="van-icon van-icon-success"></i>
                  </div>
                  <span class="van-checkbox__label" vusion-slot-name="default">
                    <span class="root" vusion-slot-name-edit="text">
                      节点
                    </span>
                  </span>
                </div>
                <div aria-checked="false" class="van-checkbox van-checkbox--horizontal" role="checkbox" tabindex="0">
                  <div class="van-checkbox__icon van-checkbox__icon--square">
                    <i class="van-icon van-icon-success"></i>
                  </div>
                  <span class="van-checkbox__label" vusion-slot-name="default">
                    <span class="root" vusion-slot-name-edit="text">
                      节点
                    </span>
                  </span>
                </div>
              </div>
            </div>
          </div>
        </div>
      </div>
      <div style="margin: 16px 16px 0px;">
        <button class="van-button van-button--info van-button--normal van-button--block van-button--square" round type="submit">
          <div class="van-button__content">
            <span class="van-button__text">提交</span>
          </div>
        </button>
      </div>
    </form>
  </div>
</div>
`;
