// Jest Snapshot v1, https://goo.gl/fbAQLP

exports[`renders demo correctly 1`] = `
<div>
  <div>
    <div class="van-collapse van-hairline--top-bottom">
      <div class="van-collapse-item">
        <div aria-expanded="false" class="van-cell van-cell--clickable van-cell--center van-collapse-item__title" noallow role="button" tabindex="0">
          <div class="van-cell__title" vusion-slot-name="title" vusion-slot-name-edit="title">
            <span class="root" vusion-slot-name-edit="text">
              标题1
            </span>
          </div>
          <i class="van-icon van-icon-arrow van-cell__right-icon"></i>
        </div>
      </div>
      <div class="van-collapse-item van-collapse-item--border">
        <div aria-expanded="false" class="van-cell van-cell--clickable van-cell--center van-collapse-item__title" noallow role="button" tabindex="0">
          <div class="van-cell__title" vusion-slot-name="title" vusion-slot-name-edit="title">
            <span class="root" vusion-slot-name-edit="text">
              标题2
            </span>
          </div>
          <i class="van-icon van-icon-arrow van-cell__right-icon"></i>
        </div>
      </div>
      <div class="van-collapse-item van-collapse-item--border">
        <div aria-expanded="false" class="van-cell van-cell--clickable van-cell--center van-collapse-item__title" noallow role="button" tabindex="0">
          <div class="van-cell__title" vusion-slot-name="title" vusion-slot-name-edit="title">
            <span class="root" vusion-slot-name-edit="text">
              标题3
            </span>
          </div>
          <i class="van-icon van-icon-arrow van-cell__right-icon"></i>
        </div>
      </div>
    </div>
  </div>
  <div>asfsa</div>
</div>
`;
