// Jest Snapshot v1, https://goo.gl/fbAQLP

exports[`renders demo correctly 1`] = `
<div>
  <div>
    <van-collapse value="asfsa" accordion="true">
      <van-collapse-item name="ssss">
        <van-text text="代码是写出来给人看的，附带能在机器上运行"></van-text>
      </van-collapse-item>
      <van-collapse-item name="bbbbbbbbbbbbbbb">
        <van-text text="代码是写出来给人看的，附带能在机器上运行"></van-text>
      </van-collapse-item>
      <van-collapse-item>
        <van-text text="代码是写出来给人看的，附带能在机器上运行"></van-text>
      </van-collapse-item>
    </van-collapse>
  </div>
  <div>asfsa</div>
</div>
`;
