// Jest Snapshot v1, https://goo.gl/fbAQLP

exports[`renders demo correctly 1`] = `
<div>
  <div>
    <div class="van-collapse van-hairline--top-bottom">
      <div class="van-collapse-item">
        <div aria-expanded="null" class="van-cell van-cell--clickable van-cell--center van-collapse-item__title van-collapse-item__title--disabled" noallow role="button" tabindex="0">
          <div class="van-cell__title" vusion-slot-name="title" vusion-slot-name-edit="title">标题1</div>
          <i class="van-icon van-icon-arrow van-cell__right-icon"></i>
        </div>
      </div>
      <div class="van-collapse-item van-collapse-item--border">
        <div aria-expanded="false" class="van-cell van-cell--clickable van-cell--center van-collapse-item__title" noallow role="button" tabindex="0">
          <div class="van-cell__title" vusion-slot-name="title" vusion-slot-name-edit="title">标题2</div>
          <i class="van-icon van-icon-arrow van-cell__right-icon"></i>
        </div>
      </div>
      <div class="van-collapse-item van-collapse-item--border">
        <div aria-expanded="false" class="van-cell van-cell--clickable van-cell--center van-collapse-item__title" noallow role="button" tabindex="0">
          <div class="van-cell__title" vusion-slot-name="title" vusion-slot-name-edit="title">标题3</div>
          <i class="van-icon van-icon-arrow van-cell__right-icon"></i>
        </div>
      </div>
    </div>
  </div>
  <div>
    <div class="van-collapse van-hairline--top-bottom" value="0">
      <div class="van-collapse-item">
        <div aria-expanded="true" class="van-cell van-cell--clickable van-cell--center van-collapse-item__title van-collapse-item__title--expanded" noallow role="button" tabindex="0">
          <div class="van-cell__title" vusion-slot-name="title" vusion-slot-name-edit="title">标题1</div>
          <i class="van-icon van-icon-arrow van-cell__right-icon"></i>
        </div>
        <div class="van-collapse-item__wrapper">
          <div class="van-collapse-item__content" vusion-slot-name="default">
            代码是写出来给人看的，附带能在机器上运行
          </div>
        </div>
      </div>
      <div class="van-collapse-item van-collapse-item--border">
        <div aria-expanded="false" class="van-cell van-cell--clickable van-cell--center van-collapse-item__title" noallow role="button" tabindex="0">
          <div class="van-cell__title" vusion-slot-name="title" vusion-slot-name-edit="title">标题2</div>
          <i class="van-icon van-icon-arrow van-cell__right-icon"></i>
        </div>
      </div>
      <div class="van-collapse-item van-collapse-item--border">
        <div aria-expanded="false" class="van-cell van-cell--clickable van-cell--center van-collapse-item__title" noallow role="button" tabindex="0">
          <div class="van-cell__title" vusion-slot-name="title" vusion-slot-name-edit="title">标题3</div>
          <i class="van-icon van-icon-arrow van-cell__right-icon"></i>
        </div>
      </div>
    </div>
  </div>
  <div>
    <div class="van-collapse van-hairline--top-bottom" value="0">
      <div class="van-collapse-item">
        <div aria-expanded="true" class="van-cell van-cell--clickable van-cell--center van-collapse-item__title van-collapse-item__title--expanded" noallow role="button" tabindex="0">
          <div class="van-cell__title" vusion-slot-name="title" vusion-slot-name-edit="title">标题1</div>
          <i class="van-icon van-icon-arrow van-cell__right-icon"></i>
        </div>
        <div class="van-collapse-item__wrapper">
          <div class="van-collapse-item__content" vusion-slot-name="default">
            代码是写出来给人看的，附带能在机器上运行
          </div>
        </div>
      </div>
      <div class="van-collapse-item van-collapse-item--border">
        <div aria-expanded="false" class="van-cell van-cell--clickable van-cell--center van-collapse-item__title" noallow role="button" tabindex="0">
          <div class="van-cell__title" vusion-slot-name="title" vusion-slot-name-edit="title">标题2</div>
          <i class="van-icon van-icon-arrow van-cell__right-icon"></i>
        </div>
      </div>
      <div class="van-collapse-item van-collapse-item--border">
        <div aria-expanded="false" class="van-cell van-cell--clickable van-cell--center van-collapse-item__title" noallow role="button" tabindex="0">
          <div class="van-cell__title" vusion-slot-name="title" vusion-slot-name-edit="title">标题3</div>
          <i class="van-icon van-icon-arrow van-cell__right-icon"></i>
        </div>
      </div>
    </div>
  </div>
  <div>
    <div class="van-collapse van-hairline--top-bottom" value>
      <div class="van-collapse-item">
        <div aria-expanded="true" class="van-cell van-cell--clickable van-cell--center van-collapse-item__title van-collapse-item__title--expanded" noallow role="button" tabindex="0">
          <div class="van-cell__title" vusion-slot-name="title" vusion-slot-name-edit="title">标题1</div>
          <i class="van-icon van-icon-arrow van-cell__right-icon"></i>
        </div>
        <div class="van-collapse-item__wrapper">
          <div class="van-collapse-item__content" vusion-slot-name="default">
            代码是写出来给人看的，附带能在机器上运行
          </div>
        </div>
      </div>
      <div class="van-collapse-item van-collapse-item--border">
        <div aria-expanded="null" class="van-cell van-cell--clickable van-cell--center van-collapse-item__title van-collapse-item__title--disabled" noallow role="button" tabindex="0">
          <div class="van-cell__title" vusion-slot-name="title" vusion-slot-name-edit="title">标题2</div>
          <i class="van-icon van-icon-arrow van-cell__right-icon"></i>
        </div>
      </div>
      <div class="van-collapse-item van-collapse-item--border">
        <div aria-expanded="null" class="van-cell van-cell--clickable van-cell--center van-collapse-item__title van-collapse-item__title--disabled" noallow role="button" tabindex="0">
          <div class="van-cell__title" vusion-slot-name="title" vusion-slot-name-edit="title">标题3</div>
          <i class="van-icon van-icon-arrow van-cell__right-icon"></i>
        </div>
      </div>
    </div>
  </div>
  <div>
    <div class="van-collapse van-hairline--top-bottom" value>
      <div class="van-collapse-item">
        <div aria-expanded="true" class="van-cell van-cell--clickable van-cell--center van-collapse-item__title van-collapse-item__title--expanded" noallow role="button" tabindex="0">
          <div class="van-cell__title" vusion-slot-name="title" vusion-slot-name-edit="title">
            标题1<i class="van-icon van-icon-question-o"></i>
          </div>
          <i class="van-icon van-icon-arrow van-cell__right-icon"></i>
        </div>
        <div class="van-collapse-item__wrapper">
          <div class="van-collapse-item__content" vusion-slot-name="default">
            代码是写出来给人看的，附带能在机器上运行
          </div>
        </div>
      </div>
      <div class="van-collapse-item van-collapse-item--border">
        <div aria-expanded="false" class="van-cell van-cell--clickable van-cell--center van-collapse-item__title" noallow role="button" tabindex="0">
          <i class="van-iconv van-cell__left-icon">
            <svg aria-hidden="true" class="vant-iconv-svg van-shoud-pa">
              <use class="van-shoud-pa" xlink:href="#h5-default" />
            </svg>
            <div class="van-iconv__slot"></div>
          </i>
          <div class="van-cell__title" vusion-slot-name="title" vusion-slot-name-edit="title">标题2</div>
          <i class="van-icon van-icon-arrow van-cell__right-icon"></i>
        </div>
      </div>
    </div>
  </div>
</div>
`;
