// Jest Snapshot v1, https://goo.gl/fbAQLP

exports[`renders demo correctly 1`] = `
<div>
  <div>
    <div class="van-cell van-cell--clickable van-cell--center" noallow role="button" tabindex="0">
      <div class="van-cell__title" vusion-slot-name="title" vusion-slot-name-edit="title">空心样式</div>
      <div class="van-cell__value">
        <span class="van-tag van-tag--plain van-tag--primary">标签</span>
      </div>
      <i class="van-icon van-icon-arrow van-cell__right-icon"></i>
    </div>
    <div class="van-cell van-cell--clickable van-cell--center" noallow role="button" tabindex="0">
      <div class="van-cell__title" vusion-slot-name="title" vusion-slot-name-edit="title">圆角样式</div>
      <div class="van-cell__value">
        <span class="van-tag van-tag--round van-tag--primary">标签</span>
      </div>
      <i class="van-icon van-icon-arrow van-cell__right-icon"></i>
    </div>
    <div class="van-cell van-cell--clickable van-cell--center" noallow role="button" tabindex="0">
      <div class="van-cell__title" vusion-slot-name="title" vusion-slot-name-edit="title">标记样式</div>
      <div class="van-cell__value">
        <span class="van-tag van-tag--mark van-tag--primary">标签</span>
      </div>
      <i class="van-icon van-icon-arrow van-cell__right-icon"></i>
    </div>
    <div class="van-cell van-cell--clickable van-cell--center" noallow role="button" tabindex="0">
      <div class="van-cell__title" vusion-slot-name="title" vusion-slot-name-edit="title">可关闭标签</div>
      <div class="van-cell__value">
        <span class="van-tag van-tag--medium van-tag--primary" name="van-fade">
          标签
          <i class="van-icon van-icon-cross van-tag__close"></i>
        </span>
      </div>
      <i class="van-icon van-icon-arrow van-cell__right-icon"></i>
    </div>
  </div>
</div>
`;
