// Jest Snapshot v1, https://goo.gl/fbAQLP

exports[`renders demo correctly 1`] = `
<div>
  <div>
    <van-cell title="空心样式">
      <van-tag plain="" type="primary">标签</van-tag>
    </van-cell>
    <van-cell title="圆角样式">
      <van-tag round="" type="primary">标签</van-tag>
    </van-cell>
    <van-cell title="标记样式">
      <van-tag mark="" type="primary">标签</van-tag>
    </van-cell>
    <van-cell title="可关闭标签">
      <van-tag size="medium" closeable="" type="primary">
        标签
      </van-tag>
    </van-cell>
  </div>
</div>
`;
