// Jest Snapshot v1, https://goo.gl/fbAQLP

exports[`renders demo correctly 1`] = `
<div>
  <div>
    <div>date: 2023-10-11</div>
    <div>start: </div>
    <div>end: </div>
    <van-calendar label-field="日历选择" min-date="1900-01-01" title="选择日期"></van-calendar>
    <van-calendar label-field="日历选择" max-date="2050-12-31" title="选择日期"></van-calendar> <button>clear</button>
  </div>
  <div>
    <van-calendar label-field="日历选择" min-date="1900-01-01" title="选择日期"></van-calendar>
  </div>
  <div>
    <van-calendar label-field="日历选择" title="选择日期" lazyrender="true" close-on-click-overlay="true"></van-calendar>
  </div>
</div>
`;
