// Jest Snapshot v1, https://goo.gl/fbAQLP

exports[`renders demo correctly 1`] = `
<div>
  <div>
    <div class="van-calendar__wrapppcalendar">
      <div class="van-cellson van-cellson--center van-cellson--insel van-field" noallow>
        <div class="van-cellson__title van-field__label">
          <span>日历选择</span>
        </div>
        <div class="van-cellson__value van-field__value">
          <div class="van-field__body">
            <input class="van-field__control van-field__control--right" readonly="readonly" type="text">
          </div>
        </div>
      </div>
    </div>
    <div class="van-calendar__wrapppcalendar">
      <div class="van-cellson van-cellson--center van-cellson--insel van-field" noallow>
        <div class="van-cellson__title van-field__label">
          <span>日历选择</span>
        </div>
        <div class="van-cellson__value van-field__value">
          <div class="van-field__body">
            <input class="van-field__control van-field__control--right" readonly="readonly" type="text">
          </div>
        </div>
      </div>
    </div>
    <div class="van-calendar__wrapppcalendar">
      <div class="van-cellson van-cellson--center van-cellson--insel van-field" noallow>
        <div class="van-cellson__title van-field__label">
          <span>日历选择</span>
        </div>
        <div class="van-cellson__value van-field__value">
          <div class="van-field__body">
            <input class="van-field__control van-field__control--right" readonly="readonly" type="text">
          </div>
        </div>
      </div>
    </div>
    <div class="van-calendar__wrapppcalendar">
      <div class="van-cellson van-cellson--center van-cellson--insel van-field" noallow>
        <div class="van-cellson__title van-field__label">
          <span>日历选择</span>
        </div>
        <div class="van-cellson__value van-field__value">
          <div class="van-field__body">
            <input class="van-field__control van-field__control--right" readonly="readonly" type="text">
          </div>
        </div>
      </div>
    </div>
  </div>
  <div>
    <div class="van-cell van-cell--clickable van-cell--center" noallow role="button" tabindex="0">
      <div class="van-cell__title" vusion-slot-name="title" vusion-slot-name-edit="title">选择单个日期</div>
      <i class="van-icon van-icon-arrow van-cell__right-icon"></i>
    </div>
    <div class="van-cell van-cell--clickable van-cell--center" noallow role="button" tabindex="0">
      <div class="van-cell__title" vusion-slot-name="title" vusion-slot-name-edit="title">选择多个日期</div>
      <i class="van-icon van-icon-arrow van-cell__right-icon"></i>
    </div>
    <div class="van-cell van-cell--clickable van-cell--center" noallow role="button" tabindex="0">
      <div class="van-cell__title" vusion-slot-name="title" vusion-slot-name-edit="title">选择日期区间</div>
      <i class="van-icon van-icon-arrow van-cell__right-icon"></i>
    </div>
  </div>
  <div>
    <div class="van-cell van-cell--clickable van-cell--center" noallow role="button" tabindex="0">
      <div class="van-cell__title" vusion-slot-name="title" vusion-slot-name-edit="title">选择单个日期</div>
      <i class="van-icon van-icon-arrow van-cell__right-icon"></i>
    </div>
    <div class="van-cell van-cell--clickable van-cell--center" noallow role="button" tabindex="0">
      <div class="van-cell__title" vusion-slot-name="title" vusion-slot-name-edit="title">选择日期区间</div>
      <i class="van-icon van-icon-arrow van-cell__right-icon"></i>
    </div>
  </div>
  <div>
    <div class="van-cell van-cell--clickable van-cell--center" noallow role="button" tabindex="0">
      <div class="van-cell__title" vusion-slot-name="title" vusion-slot-name-edit="title">自定义颜色</div>
      <i class="van-icon van-icon-arrow van-cell__right-icon"></i>
    </div>
    <div class="van-cell van-cell--clickable van-cell--center" noallow role="button" tabindex="0">
      <div class="van-cell__title" vusion-slot-name="title" vusion-slot-name-edit="title">自定义日期范围</div>
      <i class="van-icon van-icon-arrow van-cell__right-icon"></i>
    </div>
    <div class="van-cell van-cell--clickable van-cell--center" noallow role="button" tabindex="0">
      <div class="van-cell__title" vusion-slot-name="title" vusion-slot-name-edit="title">自定义按钮文字</div>
      <i class="van-icon van-icon-arrow van-cell__right-icon"></i>
    </div>
    <div class="van-cell van-cell--clickable van-cell--center" noallow role="button" tabindex="0">
      <div class="van-cell__title" vusion-slot-name="title" vusion-slot-name-edit="title">自定义日期文案</div>
      <i class="van-icon van-icon-arrow van-cell__right-icon"></i>
    </div>
    <div class="van-cell van-cell--clickable van-cell--center" noallow role="button" tabindex="0">
      <div class="van-cell__title" vusion-slot-name="title" vusion-slot-name-edit="title">自定义弹出位置</div>
      <i class="van-icon van-icon-arrow van-cell__right-icon"></i>
    </div>
    <div class="van-cell van-cell--clickable van-cell--center" noallow role="button" tabindex="0">
      <div class="van-cell__title" vusion-slot-name="title" vusion-slot-name-edit="title">日期区间最大范围</div>
      <i class="van-icon van-icon-arrow van-cell__right-icon"></i>
    </div>
    <div class="van-cell van-cell--clickable van-cell--center" noallow role="button" tabindex="0">
      <div class="van-cell__title" vusion-slot-name="title" vusion-slot-name-edit="title">自定义周起始日</div>
      <i class="van-icon van-icon-arrow van-cell__right-icon"></i>
    </div>
  </div>
  <div class="van-calendar__wrapppcalendar">
    <div class="van-cellson van-cellson--center van-cellson--insel van-field" noallow>
      <div class="van-cellson__value van-field__value">
        <div class="van-field__body">
          <input class="van-field__control van-field__control--right" readonly="readonly" type="text">
        </div>
      </div>
    </div>
  </div>
</div>
`;
