// Jest Snapshot v1, https://goo.gl/fbAQLP

exports[`renders demo correctly 1`] = `
<div>
  <div>
    <van-row>
      <van-image width="100" height="100" src="https://img01.yzcdn.cn/vant/cat.jpeg"></van-image>
    </van-row>
  </div>
  <div>
    <van-row gutter="20">
      <van-col span="8" class="u-code-example_demo_">
        <van-image fit="fill" width="100%" height="27vw" src="https://img01.yzcdn.cn/vant/cat.jpeg"></van-image>
        <div class="text">fill</div>
      </van-col>
      <van-col span="8" class="u-code-example_demo_">
        <van-image fit="contain" width="100%" height="27vw" src="https://img01.yzcdn.cn/vant/cat.jpeg"></van-image>
        <div class="text">contain</div>
      </van-col>
      <van-col span="8" class="u-code-example_demo_">
        <van-image fit="cover" width="100%" height="27vw" src="https://img01.yzcdn.cn/vant/cat.jpeg"></van-image>
        <div class="text">cover</div>
      </van-col>
      <van-col span="8" class="u-code-example_demo_">
        <van-image fit="none" width="100%" height="27vw" src="https://img01.yzcdn.cn/vant/cat.jpeg"></van-image>
        <div class="text">none</div>
      </van-col>
      <van-col span="8" class="u-code-example_demo_">
        <van-image fit="scale-down" width="100%" height="27vw" src="https://img01.yzcdn.cn/vant/cat.jpeg"></van-image>
        <div class="text">scale-down</div>
      </van-col>
    </van-row>
  </div>
  <div>
    <van-row gutter="20">
      <van-col span="8">
        <van-image round="" fit="fill" width="100%" height="27vw" src="https://img01.yzcdn.cn/vant/cat.jpeg"></van-image>
        <div class="text">fill</div>
      </van-col>
      <van-col span="8">
        <van-image round="" fit="contain" width="100%" height="27vw" src="https://img01.yzcdn.cn/vant/cat.jpeg"></van-image>
        <div class="text">contain</div>
      </van-col>
      <van-col span="8">
        <van-image round="" fit="cover" width="100%" height="27vw" src="https://img01.yzcdn.cn/vant/cat.jpeg"></van-image>
        <div class="text">cover</div>
      </van-col>
      <van-col span="8">
        <van-image round="" fit="none" width="100%" height="27vw" src="https://img01.yzcdn.cn/vant/cat.jpeg"></van-image>
        <div class="text">none</div>
      </van-col>
      <van-col span="8">
        <van-image round="" fit="scale-down" width="100%" height="27vw" src="https://img01.yzcdn.cn/vant/cat.jpeg"></van-image>
        <div class="text">scale-down</div>
      </van-col>
    </van-row>
  </div>
  <div>
    <van-row gutter="20">
      <van-col span="8">
        <van-image width="100%" height="27vw"></van-image>
        <div class="text">默认提示</div>
      </van-col>
      <van-col span="8">
        <van-image width="100%" height="27vw"></van-image>
        <div class="text">自定义提示</div>
      </van-col>
    </van-row>
  </div>
  <div>
    <van-row gutter="20">
      <van-col span="8">
        <van-image width="100%" height="27vw" src="x"></van-image>
        <div class="text">默认提示</div>
      </van-col>
      <van-col span="8">
        <van-image width="100%" height="27vw" src="x"></van-image>
        <div class="text">自定义提示</div>
      </van-col>
    </van-row>
  </div>
</div>
`;
