// Jest Snapshot v1, https://goo.gl/fbAQLP

exports[`renders demo correctly 1`] = `
<div>
  <div>
    <div class="van-contact-list">
      <div class="van-radio-group van-contact-list__group">
        <div class="van-cell van-cell--clickable van-cell--center van-contact-list__item" noallow role="button" tabindex="0">
          <i class="van-icon van-icon-edit van-contact-list__edit"></i>
          <div class="van-cell__value van-contact-list__item-value">张三，13000000000<span class="van-tag van-tag--round van-tag--danger van-contact-list__item-tag">默认</span>
          </div>
          <div aria-checked="true" class="van-radio" role="radio" tabindex="0">
            <div class="van-radio__icon van-radio__icon--round van-radio__icon--checked" style="font-size: 16px;">
              <i class="van-icon van-icon-success" style="border-color: #ee0a24; background-color: rgb(238, 10, 36);"></i>
            </div>
            <span class="van-radio__label" vusion-slot-name="default">
              <div class="empty empty" s-empty="true">+</div>
            </span>
          </div>
        </div>
        <div class="van-cell van-cell--clickable van-cell--center van-contact-list__item" noallow role="button" tabindex="0">
          <i class="van-icon van-icon-edit van-contact-list__edit"></i>
          <div class="van-cell__value van-contact-list__item-value">李四，1310000000</div>
          <div aria-checked="false" class="van-radio" role="radio" tabindex="-1">
            <div class="van-radio__icon van-radio__icon--round" style="font-size: 16px;">
              <i class="van-icon van-icon-success"></i>
            </div>
            <span class="van-radio__label" vusion-slot-name="default">
              <div class="empty empty" s-empty="true">+</div>
            </span>
          </div>
        </div>
      </div>
      <div class="van-contact-list__bottom">
        <button class="van-button van-button--danger van-button--normal van-button--square van-contact-list__add" round="true">
          <div class="van-button__content">
            <span class="van-button__text">新建联系人</span>
          </div>
        </button>
      </div>
    </div>
  </div>
</div>
`;
