// Jest Snapshot v1, https://goo.gl/fbAQLP

exports[`renders demo correctly 1`] = `
<div>
  <div>
    <van-button type="primary" text="显示遮罩层" style="margin-left: 16px;"></van-button>
    <van-overlay></van-overlay>
  </div>
  <div>
    <van-button type="primary" text="嵌入内容" style="margin-left: 16px;"></van-button>
    <van-overlay>
      <div class="wrapper">
        <div class="block"></div>
      </div>
    </van-overlay>
  </div>
</div>
`;
