// Jest Snapshot v1, https://goo.gl/fbAQLP

exports[`renders demo correctly 1`] = `
<div>
  <van-cell is-link="">
    弹出默认键盘
  </van-cell>
  <van-cell is-link="">
    弹出带右侧栏的键盘
  </van-cell>
  <van-cell is-link="">
    弹出身份证号键盘
  </van-cell>
  <van-cell is-link="">
    弹出带标题的键盘
  </van-cell>
  <van-cell is-link="">
    弹出配置多个按键的键盘
  </van-cell>
  <van-cell is-link="">
    弹出配置随机数字的键盘
  </van-cell>
  <van-cell is-link="">
    弹出带右侧栏的键盘, 按钮尺寸为大号
  </van-cell>
  <van-field readonly="" clickable="" value="" label="双向绑定" placeholder="点此输入"></van-field>
  <van-number-keyboard show="true"></van-number-keyboard>
  <van-number-keyboard close-button-text="完成" theme="custom" extra-key="."></van-number-keyboard>
  <van-number-keyboard close-button-text="完成" extra-key="X"></van-number-keyboard>
  <van-number-keyboard close-button-text="完成" title="键盘标题" extra-key="."></van-number-keyboard>
  <van-number-keyboard close-button-text="完成" theme="custom" extra-key="00,."></van-number-keyboard>
  <!---->
  <van-number-keyboard close-button-text="完成" confirmsize="large" theme="custom" extra-key="."></van-number-keyboard>
  <van-number-keyboard maxlength="6"></van-number-keyboard>
</div>
`;
