// Jest Snapshot v1, https://goo.gl/fbAQLP

exports[`renders demo correctly 1`] = `
<div>
  <div>
    <div class="van-cell van-cell--clickable van-cell--center" noallow role="button" tabindex="0">
      <div class="van-cell__title" vusion-slot-name="title" vusion-slot-name-edit="title">基础用法</div>
      <i class="van-icon van-icon-arrow van-cell__right-icon"></i>
    </div>
    <div class="van-cell van-cell--clickable van-cell--center" noallow role="button" tabindex="0">
      <div class="van-cell__title" vusion-slot-name="title" vusion-slot-name-edit="title">展示取消按钮</div>
      <i class="van-icon van-icon-arrow van-cell__right-icon"></i>
    </div>
    <div class="van-cell van-cell--clickable van-cell--center" noallow role="button" tabindex="0">
      <div class="van-cell__title" vusion-slot-name="title" vusion-slot-name-edit="title">展示描述信息</div>
      <i class="van-icon van-icon-arrow van-cell__right-icon"></i>
    </div>
  </div>
  <div>
    <div class="van-cell van-cell--clickable van-cell--center" noallow role="button" tabindex="0">
      <div class="van-cell__title" vusion-slot-name="title" vusion-slot-name-edit="title">选项状态</div>
      <i class="van-icon van-icon-arrow van-cell__right-icon"></i>
    </div>
  </div>
  <div>
    <div class="van-cell van-cell--clickable van-cell--center" noallow role="button" tabindex="0">
      <div class="van-cell__title" vusion-slot-name="title" vusion-slot-name-edit="title">自定义面板</div>
      <i class="van-icon van-icon-arrow van-cell__right-icon"></i>
    </div>
  </div>
</div>
`;
