// Jest Snapshot v1, https://goo.gl/fbAQLP

exports[`renders demo correctly 1`] = `
<div>
  <div>
    <div class="van-datetime-picker__wrapppdtpicker">
      <div class="van-cellson van-cellson--center van-cellson--insel van-field" noallow>
        <div class="van-cellson__value van-field__value">
          <div class="van-field__body">
            <input class="van-field__control van-field__control--right" readonly="readonly" type="text">
          </div>
        </div>
      </div>
    </div>
  </div>
  <div>
    <div class="van-datetime-picker__wrapppdtpicker">
      <div class="van-cellson van-cellson--center van-cellson--insel van-field" noallow>
        <div class="van-cellson__value van-field__value">
          <div class="van-field__body">
            <input class="van-field__control van-field__control--right" readonly="readonly" type="text">
          </div>
        </div>
      </div>
    </div>
  </div>
  <div>
    <div class="van-datetime-picker__wrapppdtpicker">
      <div class="van-cellson van-cellson--center van-cellson--insel van-field" noallow>
        <div class="van-cellson__value van-field__value">
          <div class="van-field__body">
            <input class="van-field__control van-field__control--right" readonly="readonly" type="text">
          </div>
        </div>
      </div>
    </div>
  </div>
  <div>
    <div class="van-datetime-picker__wrapppdtpicker">
      <div class="van-cellson van-cellson--center van-cellson--insel van-field" noallow>
        <div class="van-cellson__value van-field__value">
          <div class="van-field__body">
            <input class="van-field__control van-field__control--right" readonly="readonly" type="text">
          </div>
        </div>
      </div>
    </div>
  </div>
  <div>
    <div class="van-datetime-picker__wrapppdtpicker">
      <div class="van-cellson van-cellson--center van-cellson--insel van-field" noallow>
        <div class="van-cellson__title van-field__label">
          <span>选择时间</span>
        </div>
        <div class="van-cellson__value van-field__value">
          <div class="van-field__body">
            <input class="van-field__control van-field__control--right" readonly="readonly" type="text">
          </div>
        </div>
      </div>
    </div>
  </div>
</div>
`;
