// Jest Snapshot v1, https://goo.gl/fbAQLP

exports[`renders demo correctly 1`] = `
<div>
  <div>
    <div>value: 2021-01-13 00:00:00</div>
    <div>start: asdfsadf-asdf</div>
    <div>end: asdfasdf</div>
    <van-datetime-picker type="date" title="选择date" input-align="left" value="2021-01-13 00:00:00" startvalue="asdfsadf-asdf" endvalue="asdfasdf" advanced-format="[object Object]"></van-datetime-picker>
    <van-button>clear</van-button>
    <div>time: </div>
    <div>start: </div>
    <div>end: </div>
    <van-datetime-picker type="time" title="选择time" input-align="left" range="true"></van-datetime-picker>
    <van-button>clear</van-button>
  </div>
  <div>
    <div>value: 2021-01-13 00:00:00</div>
    <van-datetime-picker value="2021-01-13 00:00:00" type="date" unit="date" displayformat="YYYY年M月D日"></van-datetime-picker>
  </div>
  <div>
    <div>value: </div>
    <van-datetime-picker type="date" unit="week"></van-datetime-picker>
  </div>
  <div>
    <div>value: </div>
    <van-datetime-picker type="date" unit="month"></van-datetime-picker>
  </div>
  <div>
    <div>value: </div>
    <van-datetime-picker type="date" unit="quarter"></van-datetime-picker>
  </div>
  <div>
    <div>value: </div>
    <van-datetime-picker type="date" unit="year"></van-datetime-picker>
  </div>
  <div>
    <div>value: 2022-03-31T07:21:52.066Z</div>
    <van-datetime-picker value="2022-03-31T07:21:52.066Z" type="datetime" title="选择完整时间"></van-datetime-picker>
  </div>
  <div>
    <div>value: 2022-03-31T07:21:52.066Z</div>
    <van-datetime-picker value="2022-03-31T07:21:52.066Z" type="datetime" unit="minute" title="选择完整时间"></van-datetime-picker>
  </div>
  <div>
    <div>value: 12:00</div>
    <van-datetime-picker value="12:00" type="time" title="选择时间"></van-datetime-picker>
  </div>
  <div>
    <div>value: 12:11:11</div>
    <van-datetime-picker value="12:11:11" type="time" unit="second" title="选择时间"></van-datetime-picker>
  </div>
  <div>
    <van-datetime-picker close-on-click-overlay="true" type="date"></van-datetime-picker>
  </div>
</div>
`;
