// Jest Snapshot v1, https://goo.gl/fbAQLP

exports[`renders demo correctly 1`] = `
<div>
  <div>
    <van-cell-group>
      <van-switch-cell title="标题"></van-switch-cell>
    </van-cell-group>
  </div>
  <div>
    <van-cell-group>
      <van-switch-cell disabled="" title="标题"></van-switch-cell>
    </van-cell-group>
  </div>
  <div>
    <van-cell-group>
      <van-switch-cell loading="" title="标题"></van-switch-cell>
    </van-cell-group>
  </div>
</div>
`;
