// Jest Snapshot v1, https://goo.gl/fbAQLP

exports[`renders demo correctly 1`] = `
<div>
  <div>
    <div class="van-cell-group van-hairline--top-bottom">
      <div class="van-cell van-cell--clickable van-cell--center van-switch-cell" noallow role="button" tabindex="0">
        <div class="van-cell__title" vusion-slot-name="title" vusion-slot-name-edit="title">标题</div>
        <div class="van-cell__value">
          <div aria-checked="true" class="van-switch van-switch--on" role="switch" style="font-size: 24px;">
            <div class="van-switch__node"></div>
          </div>
        </div>
        <i class="van-icon van-icon-arrow van-cell__right-icon"></i>
      </div>
    </div>
  </div>
  <div>
    <div class="van-cell-group van-hairline--top-bottom">
      <div class="van-cell van-cell--clickable van-cell--center van-switch-cell" noallow role="button" tabindex="0">
        <div class="van-cell__title" vusion-slot-name="title" vusion-slot-name-edit="title">标题</div>
        <div class="van-cell__value">
          <div aria-checked="true" class="van-switch van-switch--on van-switch--disabled" role="switch" style="font-size: 24px;">
            <div class="van-switch__node"></div>
          </div>
        </div>
        <i class="van-icon van-icon-arrow van-cell__right-icon"></i>
      </div>
    </div>
  </div>
  <div>
    <div class="van-cell-group van-hairline--top-bottom">
      <div class="van-cell van-cell--clickable van-cell--center van-switch-cell" noallow role="button" tabindex="0">
        <div class="van-cell__title" vusion-slot-name="title" vusion-slot-name-edit="title">标题</div>
        <div class="van-cell__value">
          <div aria-checked="true" class="van-switch van-switch--on van-switch--loading" role="switch" style="font-size: 24px;">
            <div class="van-switch__node">
              <div class="van-loading van-loading--circular van-switch__loading">
                <span class="van-loading__spinner van-loading__spinner--circular van-loading van-loading--iconRotate">
                  <i class="van-iconv">
                    <svg aria-hidden="true" class="vant-iconv-svg van-shoud-pa">
                      <use class="van-shoud-pa" xlink:href="#h5-default" />
                    </svg>
                    <div class="van-iconv__slot"></div>
                  </i>
                </span>
              </div>
            </div>
          </div>
        </div>
        <i class="van-icon van-icon-arrow van-cell__right-icon"></i>
      </div>
    </div>
  </div>
</div>
`;
