// Jest Snapshot v1, https://goo.gl/fbAQLP

exports[`renders demo correctly 1`] = `
<div>
  <div>
    <van-picker show-toolbar="" title="标题" columnsprop="[&quot;杭州&quot;,&quot;宁波&quot;,&quot;温州&quot;,&quot;绍兴&quot;,&quot;湖州&quot;,&quot;嘉兴&quot;,&quot;金华&quot;,&quot;衢州&quot;]"></van-picker>
  </div>
  <div>
    <van-picker show-toolbar="" title="标题" columnsprop="[&quot;杭州&quot;,&quot;宁波&quot;,&quot;温州&quot;,&quot;绍兴&quot;,&quot;湖州&quot;,&quot;嘉兴&quot;,&quot;金华&quot;,&quot;衢州&quot;]" default-index="2"></van-picker>
  </div>
  <div>
    <van-picker show-toolbar="" title="标题" columnsprop="[object Object],[object Object]"></van-picker>
  </div>
  <div>
    <van-picker show-toolbar="" title="标题" columnsprop="[object Object],[object Object]"></van-picker>
  </div>
  <div>
    <van-picker show-toolbar="" title="标题" columnsprop="[object Object],[object Object],[object Object]"></van-picker>
  </div>
  <div>
    <van-picker show-toolbar="" title="标题" columnsprop="[object Object],[object Object]"></van-picker>
  </div>
  <div>
    <van-picker loading="" show-toolbar="" title="标题" columnsprop="[object Object],[object Object]"></van-picker>
  </div>
  <div>
    <van-field readonly="" clickable="" label="城市" value="" placeholder="选择城市"></van-field>
    <van-popup round="" position="bottom">
      <van-picker show-toolbar="" title="标题" columnsprop="[&quot;杭州&quot;,&quot;宁波&quot;,&quot;温州&quot;,&quot;绍兴&quot;,&quot;湖州&quot;,&quot;嘉兴&quot;,&quot;金华&quot;,&quot;衢州&quot;]"></van-picker>
    </van-popup>
  </div>
</div>
`;
