// Jest Snapshot v1, https://goo.gl/fbAQLP

exports[`renders demo correctly 1`] = `
<div>
  <div>
    <van-dropdown-menu value="">
      <van-dropdown-item valueprop="12">
        <van-cell clickable="" title="标题1" novalue="" value="1" destination="/a/zh-CN/dropdown-menu"></van-cell>
        <van-cell clickable="" title="标题2" novalue="" value="12"></van-cell>
        <van-cell clickable="" title="标题3" novalue="" value="123"></van-cell>
      </van-dropdown-item>
    </van-dropdown-menu>
    <van-dropdown-menu>
      <van-dropdown-item>
        <van-cell clickable="" title="标题1" novalue="" value="1" destination="/a/zh-CN/dropdown-menu"></van-cell>
        <van-cell clickable="" title="标题2" novalue="" value="12"></van-cell>
        <van-cell clickable="" title="标题3" novalue="" value="123"></van-cell>
      </van-dropdown-item>
    </van-dropdown-menu>
    <van-dropdown-menu>
      <van-dropdown-item>
        <van-cell clickable="" title="标题1" novalue=""></van-cell>
        <van-cell clickable="" title="标题2" novalue=""></van-cell>
        <van-cell clickable="" title="标题3" novalue=""></van-cell>
      </van-dropdown-item>
    </van-dropdown-menu>
  </div>
  <div>
    <van-dropdown-menu>
      <van-dropdown-item options="[object Object],[object Object],[object Object]"></van-dropdown-item>
      <van-dropdown-item options="[object Object],[object Object],[object Object]"></van-dropdown-item>
    </van-dropdown-menu>
  </div>
  <div>
    <van-dropdown-menu>
      <van-dropdown-item options="[object Object],[object Object],[object Object]"></van-dropdown-item>
      <van-dropdown-item title="筛选">
        <van-cell center="" title="包邮"></van-cell>
        <van-cell center="" title="团购"></van-cell>
        <div style="padding: 5px 16px;">
          <van-button type="danger" block="" round="" style="height: 40px;">
            确认
          </van-button>
        </div>
      </van-dropdown-item>
    </van-dropdown-menu>
  </div>
  <div>
    <van-dropdown-menu active-color="#1989fa">
      <van-dropdown-item options="[object Object],[object Object],[object Object]"></van-dropdown-item>
      <van-dropdown-item options="[object Object],[object Object],[object Object]"></van-dropdown-item>
    </van-dropdown-menu>
  </div>
  <div>
    <van-dropdown-menu direction="up">
      <van-dropdown-item options="[object Object],[object Object],[object Object]"></van-dropdown-item>
      <van-dropdown-item options="[object Object],[object Object],[object Object]"></van-dropdown-item>
    </van-dropdown-menu>
  </div>
  <div>
    <van-dropdown-menu>
      <van-dropdown-item disabled="" options="[object Object],[object Object],[object Object]"></van-dropdown-item>
      <van-dropdown-item disabled="" options="[object Object],[object Object],[object Object]"></van-dropdown-item>
    </van-dropdown-menu>
  </div>
</div>
`;
