// Jest Snapshot v1, https://goo.gl/fbAQLP

exports[`renders demo correctly 1`] = `
<div>
  <div>
    <div class="van-tabs van-tabs--line">
      <div class="van-tabs__wrap">
        <div class="van-tabs__nav van-tabs__nav--line" role="tablist">
          <div aria-selected="true" class="van-tab van-tab--active" role="tab" undefined vusion-slot-name="title">
            <span class="van-tab__text van-tab__text--ellipsis" vusion-slot-name-edit="title">标签 1</span>
          </div>
          <div class="van-tab" role="tab" undefined vusion-slot-name="title">
            <span class="van-tab__text van-tab__text--ellipsis" vusion-slot-name-edit="title">标签 2</span>
          </div>
          <div class="van-tab" role="tab" undefined vusion-slot-name="title">
            <span class="van-tab__text van-tab__text--ellipsis" vusion-slot-name-edit="title">标签 3</span>
          </div>
          <div class="van-tabs__line" style="transform: translateX(0px) translateX(-50%);"></div>
        </div>
      </div>
      <div class="van-tabs__content">
        <div class="van-tab__pane" role="tabpanel" style="display: none;" vusion-slot-name="default"></div>
        <div class="van-tab__pane" role="tabpanel" style="display: none;" vusion-slot-name="default"></div>
      </div>
    </div>
  </div>
  <div>
    <div class="u-code-example_demo_ van-tabs van-tabs--line">
      <div class="van-tabs__wrap">
        <div class="van-tabs__nav van-tabs__nav--line" role="tablist">
          <div class="van-tab" role="tab" undefined vusion-slot-name="title">
            <span class="van-tab__text van-tab__text--ellipsis" vusion-slot-name-edit="title">标签 1</span>
          </div>
          <div class="van-tab" role="tab" undefined vusion-slot-name="title">
            <span class="van-tab__text van-tab__text--ellipsis" vusion-slot-name-edit="title">标签 2</span>
          </div>
          <div aria-selected="true" class="van-tab van-tab--active" role="tab" undefined vusion-slot-name="title">
            <span class="van-tab__text van-tab__text--ellipsis" vusion-slot-name-edit="title">标签 3</span>
          </div>
          <div class="van-tab" role="tab" undefined vusion-slot-name="title">
            <span class="van-tab__text van-tab__text--ellipsis" vusion-slot-name-edit="title">标签 4</span>
          </div>
          <div class="van-tabs__line" style="transform: translateX(0px) translateX(-50%);"></div>
        </div>
      </div>
      <div class="van-tabs__content">
        <div class="van-tab__pane" role="tabpanel" style="display: none;" vusion-slot-name="default"></div>
        <div class="van-tab__pane" role="tabpanel" style="display: none;" vusion-slot-name="default"></div>
        <div class="van-tab__pane" role="tabpanel" style vusion-slot-name="default">
          内容 3
        </div>
        <div class="van-tab__pane" role="tabpanel" style="display: none;" vusion-slot-name="default"></div>
      </div>
    </div>
  </div>
  <div>
    <div class="van-tabs van-tabs--line">
      <div class="van-tabs__wrap">
        <div class="van-tabs__nav van-tabs__nav--line" role="tablist">
          <div class="van-tab" role="tab" undefined vusion-slot-name="title">
            <span class="van-tab__text van-tab__text--ellipsis" vusion-slot-name-edit="title">标签 1</span>
          </div>
          <div aria-selected="true" class="van-tab van-tab--active" role="tab" undefined vusion-slot-name="title">
            <span class="van-tab__text van-tab__text--ellipsis" vusion-slot-name-edit="title">标签 2</span>
          </div>
          <div class="van-tab" role="tab" undefined vusion-slot-name="title">
            <span class="van-tab__text van-tab__text--ellipsis" vusion-slot-name-edit="title">标签 3</span>
          </div>
          <div class="van-tabs__line" style="transform: translateX(0px) translateX(-50%);"></div>
        </div>
      </div>
      <div class="van-tabs__content">
        <div class="van-tab__pane" role="tabpanel" style="display: none;" vusion-slot-name="default"></div>
        <div class="van-tab__pane" role="tabpanel" style vusion-slot-name="default">内容 2</div>
        <div class="van-tab__pane" role="tabpanel" style="display: none;" vusion-slot-name="default"></div>
      </div>
    </div>
  </div>
  <div>
    <div class="van-tabs van-tabs--line">
      <div class="van-tabs__wrap">
        <div class="van-tabs__nav van-tabs__nav--line" role="tablist">
          <div class="van-tab" role="tab" undefined vusion-slot-name="title">
            <span class="van-tab__text-wrapper">
              <span class="van-tab__text van-tab__text--ellipsis" vusion-slot-name-edit="title">标签 1</span>
              <div class="van-info">48+</div>
            </span>
          </div>
          <div aria-selected="true" class="van-tab van-tab--active" role="tab" undefined vusion-slot-name="title">
            <span class="van-tab__text van-tab__text--ellipsis" vusion-slot-name-edit="title">标签 2</span>
          </div>
          <div class="van-tab" role="tab" undefined vusion-slot-name="title">
            <span class="van-tab__text van-tab__text--ellipsis" vusion-slot-name-edit="title">标签 3</span>
          </div>
          <div class="van-tabs__line" style="transform: translateX(0px) translateX(-50%);"></div>
        </div>
      </div>
      <div class="van-tabs__content">
        <div class="van-tab__pane" role="tabpanel" style="display: none;" vusion-slot-name="default"></div>
        <div class="van-tab__pane" role="tabpanel" style vusion-slot-name="default"> 内容 2 </div>
        <div class="van-tab__pane" role="tabpanel" style="display: none;" vusion-slot-name="default"></div>
      </div>
    </div>
  </div>
  <div>
    <div class="van-tabs van-tabs--line">
      <div class="van-tabs__wrap van-tabs__wrap--scrollable">
        <div class="van-tabs__nav van-tabs__nav--line van-tabs__nav--complete" role="tablist">
          <div aria-selected="true" class="van-tab van-tab--active" role="tab" undefined vusion-slot-name="title">
            <span class="van-tab__text" vusion-slot-name-edit="title">标签 1</span>
          </div>
          <div class="van-tab" role="tab" undefined vusion-slot-name="title">
            <span class="van-tab__text" vusion-slot-name-edit="title">标签 2</span>
          </div>
          <div class="van-tab" role="tab" undefined vusion-slot-name="title">
            <span class="van-tab__text" vusion-slot-name-edit="title">标签 3</span>
          </div>
          <div class="van-tab" role="tab" undefined vusion-slot-name="title">
            <span class="van-tab__text" vusion-slot-name-edit="title">标签 4</span>
          </div>
          <div class="van-tab" role="tab" undefined vusion-slot-name="title">
            <span class="van-tab__text" vusion-slot-name-edit="title">标签 5</span>
          </div>
          <div class="van-tab" role="tab" undefined vusion-slot-name="title">
            <span class="van-tab__text" vusion-slot-name-edit="title">标签 6</span>
          </div>
          <div class="van-tab" role="tab" undefined vusion-slot-name="title">
            <span class="van-tab__text" vusion-slot-name-edit="title">标签 7</span>
          </div>
          <div class="van-tab" role="tab" undefined vusion-slot-name="title">
            <span class="van-tab__text" vusion-slot-name-edit="title">标签 8</span>
          </div>
          <div class="van-tabs__line" style="transform: translateX(0px) translateX(-50%);"></div>
        </div>
      </div>
      <div class="van-tabs__content">
        <div class="van-tab__pane" role="tabpanel" style vusion-slot-name="default">
          内容 1
        </div>
        <div class="van-tab__pane" role="tabpanel" style="display: none;" vusion-slot-name="default"></div>
        <div class="van-tab__pane" role="tabpanel" style="display: none;" vusion-slot-name="default"></div>
        <div class="van-tab__pane" role="tabpanel" style="display: none;" vusion-slot-name="default"></div>
        <div class="van-tab__pane" role="tabpanel" style="display: none;" vusion-slot-name="default"></div>
        <div class="van-tab__pane" role="tabpanel" style="display: none;" vusion-slot-name="default"></div>
        <div class="van-tab__pane" role="tabpanel" style="display: none;" vusion-slot-name="default"></div>
        <div class="van-tab__pane" role="tabpanel" style="display: none;" vusion-slot-name="default"></div>
      </div>
    </div>
  </div>
  <div>
    <div class="van-tabs van-tabs--line">
      <div class="van-tabs__wrap">
        <div class="van-tabs__nav van-tabs__nav--line" role="tablist">
          <div aria-selected="true" class="van-tab van-tab--active" role="tab" undefined vusion-slot-name="title">
            <span class="van-tab__text van-tab__text--ellipsis" vusion-slot-name-edit="title">标签 1</span>
          </div>
          <div class="van-tab van-tab--disabled" role="tab" undefined vusion-slot-name="title">
            <span class="van-tab__text van-tab__text--ellipsis" vusion-slot-name-edit="title">标签 2</span>
          </div>
          <div class="van-tab" role="tab" undefined vusion-slot-name="title">
            <span class="van-tab__text van-tab__text--ellipsis" vusion-slot-name-edit="title">标签 3</span>
          </div>
          <div class="van-tabs__line" style="transform: translateX(0px) translateX(-50%);"></div>
        </div>
      </div>
      <div class="van-tabs__content">
        <div class="van-tab__pane" role="tabpanel" style vusion-slot-name="default">
          内容 1
        </div>
        <div class="van-tab__pane" role="tabpanel" style="display: none;" vusion-slot-name="default"></div>
        <div class="van-tab__pane" role="tabpanel" style="display: none;" vusion-slot-name="default"></div>
      </div>
    </div>
  </div>
  <div>
    <div class="u-code-example_demo_ van-tabs van-tabs--line">
      <div class="van-tabs__wrap">
        <div class="van-tabs__nav van-tabs__nav--line" role="tablist">
          <div aria-selected="true" class="van-tab van-tab--active" role="tab" undefined vusion-slot-name="title">
            <span class="van-tab__text van-tab__text--ellipsis" vusion-slot-name-edit="title">标签 1</span>
          </div>
          <div class="van-tab" role="tab" undefined vusion-slot-name="title">
            <span class="van-tab__text van-tab__text--ellipsis" vusion-slot-name-edit="title">标签 2</span>
          </div>
          <div class="van-tab" role="tab" undefined vusion-slot-name="title">
            <span class="van-tab__text van-tab__text--ellipsis" vusion-slot-name-edit="title">标签 3</span>
          </div>
          <div class="van-tabs__line" style="transform: translateX(0px) translateX(-50%);"></div>
        </div>
      </div>
      <div class="van-tabs__content">
        <div class="van-tab__pane" role="tabpanel" style vusion-slot-name="default">
          内容 1
        </div>
        <div class="van-tab__pane" role="tabpanel" style="display: none;" vusion-slot-name="default"></div>
        <div class="van-tab__pane" role="tabpanel" style="display: none;" vusion-slot-name="default"></div>
      </div>
    </div>
  </div>
  <div>
    <div class="u-code-example_demo_ van-tabs van-tabs--card">
      <div class="van-tabs__wrap">
        <div class="van-tabs__nav van-tabs__nav--card" role="tablist">
          <div aria-selected="true" class="van-tab van-tab--active" role="tab" undefined vusion-slot-name="title">
            <span class="van-tab__text van-tab__text--ellipsis" vusion-slot-name-edit="title">标签 1</span>
          </div>
          <div class="van-tab" role="tab" undefined vusion-slot-name="title">
            <span class="van-tab__text van-tab__text--ellipsis" vusion-slot-name-edit="title">标签 2</span>
          </div>
          <div class="van-tab" role="tab" undefined vusion-slot-name="title">
            <span class="van-tab__text van-tab__text--ellipsis" vusion-slot-name-edit="title">标签 3</span>
          </div>
        </div>
      </div>
      <div class="van-tabs__content">
        <div class="van-tab__pane" role="tabpanel" style vusion-slot-name="default">
          内容 1
        </div>
        <div class="van-tab__pane" role="tabpanel" style="display: none;" vusion-slot-name="default"></div>
        <div class="van-tab__pane" role="tabpanel" style="display: none;" vusion-slot-name="default"></div>
      </div>
    </div>
  </div>
  <div>
    <div class="van-tabs van-tabs--line">
      <div class="van-tabs__wrap">
        <div class="van-tabs__nav van-tabs__nav--line" role="tablist">
          <div aria-selected="true" class="van-tab van-tab--active" role="tab" undefined vusion-slot-name="title">
            <span class="van-tab__text van-tab__text--ellipsis" vusion-slot-name-edit="title">标签 1</span>
          </div>
          <div class="van-tab" role="tab" undefined vusion-slot-name="title">
            <span class="van-tab__text van-tab__text--ellipsis" vusion-slot-name-edit="title">标签 2</span>
          </div>
          <div class="van-tabs__line" style="transform: translateX(0px) translateX(-50%);"></div>
        </div>
      </div>
      <div class="van-tabs__content">
        <div class="van-tab__pane" role="tabpanel" style vusion-slot-name="default">
          内容 1
        </div>
        <div class="van-tab__pane" role="tabpanel" style="display: none;" vusion-slot-name="default"></div>
      </div>
    </div>
  </div>
  <div>
    <div class="van-tabs van-tabs--line">
      <div>
        <div class="van-sticky">
          <div class="van-tabs__wrap">
            <div class="van-tabs__nav van-tabs__nav--line" role="tablist">
              <div class="van-tab" role="tab" undefined vusion-slot-name="title">
                <span class="van-tab__text van-tab__text--ellipsis" vusion-slot-name-edit="title">标签 1</span>
              </div>
              <div class="van-tab" role="tab" undefined vusion-slot-name="title">
                <span class="van-tab__text van-tab__text--ellipsis" vusion-slot-name-edit="title">标签 2</span>
              </div>
              <div aria-selected="true" class="van-tab van-tab--active" role="tab" undefined vusion-slot-name="title">
                <span class="van-tab__text van-tab__text--ellipsis" vusion-slot-name-edit="title">标签 3</span>
              </div>
              <div class="van-tab" role="tab" undefined vusion-slot-name="title">
                <span class="van-tab__text van-tab__text--ellipsis" vusion-slot-name-edit="title">标签 4</span>
              </div>
              <div class="van-tabs__line" style="transform: translateX(0px) translateX(-50%);"></div>
            </div>
          </div>
        </div>
      </div>
      <div class="van-tabs__content">
        <div class="van-tab__pane" role="tabpanel" style="display: none;" vusion-slot-name="default"></div>
        <div class="van-tab__pane" role="tabpanel" style="display: none;" vusion-slot-name="default"></div>
        <div class="van-tab__pane" role="tabpanel" style vusion-slot-name="default">
          内容 3
        </div>
        <div class="van-tab__pane" role="tabpanel" style="display: none;" vusion-slot-name="default"></div>
      </div>
    </div>
  </div>
  <div>
    <div class="van-tabs van-tabs--line">
      <div class="van-tabs__wrap">
        <div class="van-tabs__nav van-tabs__nav--line" role="tablist">
          <div aria-selected="true" class="van-tab van-tab--active" role="tab" undefined vusion-slot-name="title">
            <span class="van-tab__text van-tab__text--ellipsis" vusion-slot-name-edit="title">
              <i class="van-icon van-icon-more-o"></i>标签
            </span>
          </div>
          <div class="van-tab" role="tab" undefined vusion-slot-name="title">
            <span class="van-tab__text van-tab__text--ellipsis" vusion-slot-name-edit="title">
              <i class="van-icon van-icon-more-o"></i>标签
            </span>
          </div>
          <div class="van-tabs__line" style="transform: translateX(0px) translateX(-50%);"></div>
        </div>
      </div>
      <div class="van-tabs__content">
        <div class="van-tab__pane" role="tabpanel" style vusion-slot-name="default">
          内容 1
        </div>
        <div class="van-tab__pane" role="tabpanel" style="display: none;" vusion-slot-name="default"></div>
      </div>
    </div>
  </div>
  <div>
    <div class="van-tabs van-tabs--line">
      <div class="van-tabs__wrap">
        <div class="van-tabs__nav van-tabs__nav--line" role="tablist">
          <div aria-selected="true" class="van-tab van-tab--active" role="tab" undefined vusion-slot-name="title">
            <span class="van-tab__text van-tab__text--ellipsis" vusion-slot-name-edit="title">标签 1</span>
          </div>
          <div class="van-tab" role="tab" undefined vusion-slot-name="title">
            <span class="van-tab__text van-tab__text--ellipsis" vusion-slot-name-edit="title">标签 2</span>
          </div>
          <div class="van-tab" role="tab" undefined vusion-slot-name="title">
            <span class="van-tab__text van-tab__text--ellipsis" vusion-slot-name-edit="title">标签 3</span>
          </div>
          <div class="van-tab" role="tab" undefined vusion-slot-name="title">
            <span class="van-tab__text van-tab__text--ellipsis" vusion-slot-name-edit="title">标签 4</span>
          </div>
          <div class="van-tabs__line" style="transform: translateX(0px) translateX(-50%);"></div>
        </div>
      </div>
      <div class="van-tabs__content van-tabs__content--animated">
        <div class="van-tabs__track" style="transform: translate3d(0%, 0, 0); transition-duration: 0.3s;">
          <div class="van-tab__pane-wrapper" role="tabpanel">
            <div class="van-tab__pane" vusion-slot-name="default">
              内容 1
            </div>
          </div>
          <div aria-hidden="true" class="van-tab__pane-wrapper van-tab__pane-wrapper--inactive" role="tabpanel">
            <div class="van-tab__pane" vusion-slot-name="default"></div>
          </div>
          <div aria-hidden="true" class="van-tab__pane-wrapper van-tab__pane-wrapper--inactive" role="tabpanel">
            <div class="van-tab__pane" vusion-slot-name="default"></div>
          </div>
          <div aria-hidden="true" class="van-tab__pane-wrapper van-tab__pane-wrapper--inactive" role="tabpanel">
            <div class="van-tab__pane" vusion-slot-name="default"></div>
          </div>
        </div>
      </div>
    </div>
  </div>
  <div>
    <div class="u-code-example_demo_ van-tabs van-tabs--line">
      <div class="van-tabs__wrap">
        <div class="van-tabs__nav van-tabs__nav--line" role="tablist">
          <div class="van-tab" role="tab" undefined vusion-slot-name="title">
            <span class="van-tab__text van-tab__text--ellipsis" vusion-slot-name-edit="title">标签 1</span>
          </div>
          <div class="van-tab" role="tab" undefined vusion-slot-name="title">
            <span class="van-tab__text van-tab__text--ellipsis" vusion-slot-name-edit="title">标签 2</span>
          </div>
          <div aria-selected="true" class="van-tab van-tab--active" role="tab" undefined vusion-slot-name="title">
            <span class="van-tab__text van-tab__text--ellipsis" vusion-slot-name-edit="title">标签 3</span>
          </div>
          <div class="van-tab" role="tab" undefined vusion-slot-name="title">
            <span class="van-tab__text van-tab__text--ellipsis" vusion-slot-name-edit="title">标签 4</span>
          </div>
          <div class="van-tabs__line" style="transform: translateX(0px) translateX(-50%);"></div>
        </div>
      </div>
      <div class="van-tabs__content">
        <div class="van-tab__pane" role="tabpanel" style="display: none;" vusion-slot-name="default"></div>
        <div class="van-tab__pane" role="tabpanel" style="display: none;" vusion-slot-name="default"></div>
        <div class="van-tab__pane" role="tabpanel" style vusion-slot-name="default">
          内容 3
        </div>
        <div class="van-tab__pane" role="tabpanel" style="display: none;" vusion-slot-name="default"></div>
      </div>
    </div>
  </div>
  <div>
    <div class="u-code-example_demo_ van-tabs van-tabs--line" scrollspy>
      <div>
        <div class="van-sticky">
          <div class="van-tabs__wrap van-tabs__wrap--scrollable">
            <div class="van-tabs__nav van-tabs__nav--line van-tabs__nav--complete" role="tablist">
              <div aria-selected="true" class="van-tab van-tab--active" role="tab" undefined vusion-slot-name="title">
                <span class="van-tab__text" vusion-slot-name-edit="title">标签 1</span>
              </div>
              <div class="van-tab" role="tab" undefined vusion-slot-name="title">
                <span class="van-tab__text" vusion-slot-name-edit="title">标签 2</span>
              </div>
              <div class="van-tab" role="tab" undefined vusion-slot-name="title">
                <span class="van-tab__text" vusion-slot-name-edit="title">标签 3</span>
              </div>
              <div class="van-tab" role="tab" undefined vusion-slot-name="title">
                <span class="van-tab__text" vusion-slot-name-edit="title">标签 4</span>
              </div>
              <div class="van-tab" role="tab" undefined vusion-slot-name="title">
                <span class="van-tab__text" vusion-slot-name-edit="title">标签 5</span>
              </div>
              <div class="van-tab" role="tab" undefined vusion-slot-name="title">
                <span class="van-tab__text" vusion-slot-name-edit="title">标签 6</span>
              </div>
              <div class="van-tab" role="tab" undefined vusion-slot-name="title">
                <span class="van-tab__text" vusion-slot-name-edit="title">标签 7</span>
              </div>
              <div class="van-tab" role="tab" undefined vusion-slot-name="title">
                <span class="van-tab__text" vusion-slot-name-edit="title">标签 8</span>
              </div>
              <div class="van-tabs__line" style="transform: translateX(0px) translateX(-50%);"></div>
            </div>
          </div>
        </div>
      </div>
      <div class="van-tabs__content">
        <div class="van-tab__pane" role="tabpanel" style vusion-slot-name="default">
          内容 1
        </div>
        <div class="van-tab__pane" role="tabpanel" style="display: none;" vusion-slot-name="default"></div>
        <div class="van-tab__pane" role="tabpanel" style="display: none;" vusion-slot-name="default"></div>
        <div class="van-tab__pane" role="tabpanel" style="display: none;" vusion-slot-name="default"></div>
        <div class="van-tab__pane" role="tabpanel" style="display: none;" vusion-slot-name="default"></div>
        <div class="van-tab__pane" role="tabpanel" style="display: none;" vusion-slot-name="default"></div>
        <div class="van-tab__pane" role="tabpanel" style="display: none;" vusion-slot-name="default"></div>
        <div class="van-tab__pane" role="tabpanel" style="display: none;" vusion-slot-name="default"></div>
      </div>
    </div>
  </div>
  <div>
    <div class="van-tabs van-tabs--line">
      <div class="van-tabs__wrap">
        <div class="van-tabs__nav van-tabs__nav--line" role="tablist">
          <div aria-selected="true" class="van-tab van-tab--active" role="tab" undefined vusion-slot-name="title">
            <span class="van-tab__text van-tab__text--ellipsis" vusion-slot-name-edit="title">标签 1</span>
          </div>
          <div class="van-tab" role="tab" undefined vusion-slot-name="title">
            <span class="van-tab__text van-tab__text--ellipsis" vusion-slot-name-edit="title">标签 2</span>
          </div>
          <div class="van-tab" role="tab" undefined vusion-slot-name="title">
            <span class="van-tab__text van-tab__text--ellipsis" vusion-slot-name-edit="title">标签 3</span>
          </div>
          <div class="van-tab" role="tab" undefined vusion-slot-name="title">
            <span class="van-tab__text van-tab__text--ellipsis" vusion-slot-name-edit="title">标签 4</span>
          </div>
          <div class="van-tabs__line" style="transform: translateX(0px) translateX(-50%);"></div>
        </div>
      </div>
      <div class="van-tabs__content">
        <div class="van-tab__pane" role="tabpanel" style vusion-slot-name="default">
          内容 1
        </div>
        <div class="van-tab__pane" role="tabpanel" style="display: none;" vusion-slot-name="default"></div>
        <div class="van-tab__pane" role="tabpanel" style="display: none;" vusion-slot-name="default"></div>
        <div class="van-tab__pane" role="tabpanel" style="display: none;" vusion-slot-name="default"></div>
      </div>
    </div>
  </div>
</div>
`;
