// Jest Snapshot v1, https://goo.gl/fbAQLP

exports[`renders demo correctly 1`] = `
<div>
  <div>
    <van-tabs type="line">
      <van-tab title="标签 1" name="a"></van-tab>
      <van-tab title="标签 2" name="b">
        <van-text text="内容 2"></van-text>
      </van-tab>
      <van-tab title="标签 3" name="c">
        <van-text text="内容 3"></van-text>
      </van-tab>
    </van-tabs>
  </div>
  <div>
    <van-tabs class="u-code-example_demo_">
      <van-tab title="标签 1">
        内容 1
      </van-tab>
      <van-tab title="标签 2">
        内容 2
      </van-tab>
      <van-tab title="标签 3">
        内容 3
      </van-tab>
      <van-tab title="标签 4">
        内容 4
      </van-tab>
    </van-tabs>
  </div>
  <div>
    <van-tabs type="line">
      <van-tab title="标签 1" name="1">内容 1</van-tab>
      <van-tab title="标签 2" name="2">内容 2</van-tab>
      <van-tab title="标签 3" name="3">内容 3</van-tab>
    </van-tabs>
  </div>
  <div>
    <van-tabs>
      <van-tab name="a" title="标签 1" badgebtn="true" badge="50" badgemax="48"> 内容 1 </van-tab>
      <van-tab name="b" title="标签 2"> 内容 2 </van-tab>
      <van-tab name="c" title="标签 3"> 内容 3 </van-tab>
    </van-tabs>
  </div>
  <div>
    <van-tabs>
      <van-tab title="标签 1">
        内容 1
      </van-tab>
      <van-tab title="标签 2">
        内容 2
      </van-tab>
      <van-tab title="标签 3">
        内容 3
      </van-tab>
      <van-tab title="标签 4">
        内容 4
      </van-tab>
      <van-tab title="标签 5">
        内容 5
      </van-tab>
      <van-tab title="标签 6">
        内容 6
      </van-tab>
      <van-tab title="标签 7">
        内容 7
      </van-tab>
      <van-tab title="标签 8">
        内容 8
      </van-tab>
    </van-tabs>
  </div>
  <div>
    <van-tabs>
      <van-tab title="标签 1">
        内容 1
      </van-tab>
      <van-tab title="标签 2" disabled="true">
        内容 2
      </van-tab>
      <van-tab title="标签 3">
        内容 3
      </van-tab>
    </van-tabs>
  </div>
  <div>
    <van-tabs type="line" class="u-code-example_demo_">
      <van-tab title="标签 1">
        内容 1
      </van-tab>
      <van-tab title="标签 2">
        内容 2
      </van-tab>
      <van-tab title="标签 3">
        内容 3
      </van-tab>
    </van-tabs>
  </div>
  <div>
    <van-tabs type="card" class="u-code-example_demo_">
      <van-tab title="标签 1">
        内容 1
      </van-tab>
      <van-tab title="标签 2">
        内容 2
      </van-tab>
      <van-tab title="标签 3">
        内容 3
      </van-tab>
    </van-tabs>
  </div>
  <div>
    <van-tabs>
      <van-tab title="标签 1">
        内容 1
      </van-tab>
      <van-tab title="标签 2">
        内容 2
      </van-tab>
    </van-tabs>
  </div>
  <div>
    <van-tabs active="2" sticky="">
      <van-tab title="标签 1">
        内容 1
      </van-tab>
      <van-tab title="标签 2">
        内容 2
      </van-tab>
      <van-tab title="标签 3">
        内容 3
      </van-tab>
      <van-tab title="标签 4">
        内容 4
      </van-tab>
    </van-tabs>
  </div>
  <div>
    <van-tabs active="2">
      <van-tab>
        内容 1
      </van-tab>
      <van-tab>
        内容 2
      </van-tab>
    </van-tabs>
  </div>
  <div>
    <van-tabs animated="">
      <van-tab title="标签 1">
        内容 1
      </van-tab>
      <van-tab title="标签 2">
        内容 2
      </van-tab>
      <van-tab title="标签 3">
        内容 3
      </van-tab>
      <van-tab title="标签 4">
        内容 4
      </van-tab>
    </van-tabs>
  </div>
  <div>
    <van-tabs active="2" swipeable="" class="u-code-example_demo_">
      <van-tab title="标签 1">
        内容 1
      </van-tab>
      <van-tab title="标签 2">
        内容 2
      </van-tab>
      <van-tab title="标签 3">
        内容 3
      </van-tab>
      <van-tab title="标签 4">
        内容 4
      </van-tab>
    </van-tabs>
  </div>
  <div>
    <van-tabs scrollspy="" sticky="" class="u-code-example_demo_">
      <van-tab title="标签 1">
        内容 1
      </van-tab>
      <van-tab title="标签 2">
        内容 2
      </van-tab>
      <van-tab title="标签 3">
        内容 3
      </van-tab>
      <van-tab title="标签 4">
        内容 4
      </van-tab>
      <van-tab title="标签 5">
        内容 5
      </van-tab>
      <van-tab title="标签 6">
        内容 6
      </van-tab>
      <van-tab title="标签 7">
        内容 7
      </van-tab>
      <van-tab title="标签 8">
        内容 8
      </van-tab>
    </van-tabs>
  </div>
  <div>
    <van-tabs before-change="function () { [native code] }">
      <van-tab title="标签 1">
        内容 1
      </van-tab>
      <van-tab title="标签 2">
        内容 2
      </van-tab>
      <van-tab title="标签 3">
        内容 3
      </van-tab>
      <van-tab title="标签 4">
        内容 4
      </van-tab>
    </van-tabs>
  </div>
</div>
`;
