// Jest Snapshot v1, https://goo.gl/fbAQLP

exports[`renders demo correctly 1`] = `
<div>
  <div>
    <div>
      <van-swipe-cell>
        <van-cell center="">
          右侧文本
        </van-cell>
      </van-swipe-cell>
    </div>
    <div>
      <van-swipe-cell>
        <van-cell title="单元格" value="内容"></van-cell>
      </van-swipe-cell>
    </div>
    <div>
      <van-swipe-cell>
        <van-card num="2" price="2.00" desc="描述信息" title="商品标题" thumb="https://img01.yzcdn.cn/vant/ipad.jpeg"></van-card>
      </van-swipe-cell>
    </div>
    <div>
      <van-swipe-cell before-close="function () { [native code] }">
        <van-cell title="单元格" value="内容"></van-cell>
      </van-swipe-cell>
    </div>
  </div>
</div>
`;
