// Jest Snapshot v1, https://goo.gl/fbAQLP

exports[`renders demo correctly 1`] = `
<div>
  <div>
    <div>pickerValue: [
      "32001111100"
      ]</div>
    <van-pickerson multiple="true" enable-select-all="true" type="list" title="标题" show-toolbar="true" value="32001111100" data-source="function () { [native code] }" pageable="true" pagesize="10" filterable="true"></van-pickerson>
  </div>
  <van-button>reload</van-button>
  <div>
    <van-pickerson title="标题" show-toolbar="true" data-source="[object Object],[object Object],[object Object],[object Object],[object Object],[object Object],[object Object],[object Object],[object Object],[object Object],[object Object],[object Object],[object Object],[object Object],[object Object],[object Object],[object Object],[object Object],[object Object],[object Object],[object Object],[object Object],[object Object],[object Object],[object Object],[object Object],[object Object]" value="32001111100" pageable="true" pagesize="10" multiple="true" type="list" enable-select-all="true" enable-selected-count="true"></van-pickerson>
  </div>
  <div>
    <van-pickerson title="标题" show-toolbar="true" value="1" data-source="1,2,3,4,5" type="list" enable-select-all="true" enable-selected-count="true" readonly="true"></van-pickerson>
  </div>
  <div>
    <van-pickerson title="标题" show-toolbar="true" value="1" data-source="1,2,3,4,5" type="list" enable-select-all="true" enable-selected-count="true" disabled="true"></van-pickerson>
  </div>
  <div>
    <van-pickerson title="标题" show-toolbar="true" value="1" data-source="1,2,3,4,5" close-on-click-overlay="true"></van-pickerson>
  </div>
</div>
`;
