// Jest Snapshot v1, https://goo.gl/fbAQLP

exports[`renders demo correctly 1`] = `
<div>
  <div>
    <div class="van-uploader">
      <div class="van-uploader__wrapper">
        <div class="van-uploader__upload">
          <i class="van-icon van-icon-photograph van-uploader__upload-icon"></i>
          <input class="van-uploader__input" type="file">
        </div>
      </div>
    </div>
  </div>
  <div>
    <div class="van-uploader" multiple="multiple">
      <div class="van-uploader__wrapper">
        <div class="van-uploader__upload">
          <i class="van-icon van-icon-photograph van-uploader__upload-icon"></i>
          <input accept="*" class="van-uploader__input" multiple="multiple" type="file">
        </div>
      </div>
    </div>
  </div>
  <div>
    <div class="van-uploader">
      <div class="van-uploader__wrapper">
        <div class="van-uploader__upload">
          <i class="van-icon van-icon-photograph van-uploader__upload-icon"></i>
          <input class="van-uploader__input" type="file">
        </div>
      </div>
    </div>
  </div>
  <div>
    <div class="van-uploader" multiple="multiple">
      <div class="van-uploader__wrapper">
        <div class="van-uploader__upload">
          <i class="van-icon van-icon-photograph van-uploader__upload-icon"></i>
          <input class="van-uploader__input" multiple="multiple" type="file">
        </div>
      </div>
    </div>
  </div>
  <div>
    <div class="van-uploader" multiple="multiple">
      <div class="van-uploader__wrapper">
        <div class="van-uploader__upload">
          <i class="van-icon van-icon-photograph van-uploader__upload-icon"></i>
          <input class="van-uploader__input" multiple="multiple" type="file">
        </div>
      </div>
    </div>
  </div>
  <div>
    <div class="van-uploader">
      <div class="van-uploader__wrapper">
        <div class="van-uploader__input-wrapper">
          <button class="van-button van-button--primary van-button--normal van-button--square">
            <div class="van-button__content">
              <i class="van-iconv van-button__icon van-shoud-pa">
                <svg aria-hidden="true" class="vant-iconv-svg van-shoud-pa">
                  <use class="van-shoud-pa" xlink:href="#h5-default" />
                </svg>
                <div class="van-iconv__slot"></div>
              </i>
              <span class="van-button__text">
                上传文件
              </span>
            </div>
          </button>
          <input class="van-uploader__input" type="file">
        </div>
      </div>
    </div>
  </div>
  <div>
    <div class="van-uploader">
      <div class="van-uploader__wrapper">
        <div class="van-uploader__upload">
          <i class="van-icon van-icon-photograph van-uploader__upload-icon"></i>
          <input class="van-uploader__input" type="file">
        </div>
      </div>
    </div>
  </div>
  <div>
    <div class="van-uploader">
      <div class="van-uploader__wrapper">
        <div class="van-uploader__upload">
          <i class="van-icon van-icon-photograph van-uploader__upload-icon"></i>
          <input class="van-uploader__input" type="file">
        </div>
      </div>
    </div>
  </div>
  <div>
    <div class="van-uploader">
      <div class="van-uploader__wrapper van-uploader__wrapper--disabled">
        <div class="van-uploader__upload">
          <i class="van-icon van-icon-photograph van-uploader__upload-icon"></i>
          <input class="van-uploader__input" disabled="disabled" type="file">
        </div>
      </div>
    </div>
  </div>
  <div>
    <div class="van-uploader" multiple="multiple">
      <div class="van-uploader__wrapper">
        <div class="van-uploader__upload">
          <i class="van-icon van-icon-photograph van-uploader__upload-icon"></i>
          <input accept="*" class="van-uploader__input" multiple="multiple" type="file">
        </div>
      </div>
    </div>
  </div>
  <div>
    <div class="van-uploader" multiple="multiple">
      <div class="van-uploader__wrapper">
        <div class="van-uploader__upload">
          <i class="van-icon van-icon-photograph van-uploader__upload-icon"></i>
          <input class="van-uploader__input" multiple="multiple" type="file">
        </div>
      </div>
    </div>
  </div>
  <div>
    <div class="van-uploader" multiple="multiple">
      <div class="van-uploader__wrapper">
        <div class="van-uploader__upload">
          <i class="van-icon van-icon-photograph van-uploader__upload-icon"></i>
          <input class="van-uploader__input" multiple="multiple" type="file">
        </div>
      </div>
    </div>
  </div>
  <div>
    <div class="van-cellson van-cellson--center van-field" noallow>
      <div class="van-cellson__title van-field__label" vusion-slot-name="title">
        <span>表单项</span>
      </div>
      <div class="van-cellson__value van-field__value">
        <div class="van-field__body">
          <input class="van-field__control" type="text">
        </div>
      </div>
    </div>
  </div>
  <div>
    <div class="van-cellson van-cellson--center van-field" is-sub>
      <div class="van-cellson__title van-field__label" vusion-slot-name="title">
        <span>表单项</span>
      </div>
      <div class="van-cellson__value van-field__value">
        <div class="van-field__body">
          <input class="van-field__control" type="text">
        </div>
      </div>
    </div>
  </div>
</div>
`;
