// Jest Snapshot v1, https://goo.gl/fbAQLP

exports[`renders demo correctly 1`] = `
<div>
  <div>
    <van-uploader after-read="function () { [native code] }"></van-uploader>
  </div>
  <div>
    <van-uploader multiple="" accept="*"></van-uploader>
  </div>
  <div>
    <van-uploader after-read="function () { [native code] }"></van-uploader>
  </div>
  <div>
    <van-uploader multiple="" max-count="2"></van-uploader>
  </div>
  <div>
    <van-uploader multiple="" max-size="512000"></van-uploader>
  </div>
  <div>
    <van-uploader>
      <van-button type="primary" icon="plus">
        上传文件
      </van-button>
    </van-uploader>
  </div>
  <div>
    <van-uploader></van-uploader>
  </div>
  <div>
    <van-uploader before-read="function () { [native code] }"></van-uploader>
  </div>
  <div>
    <van-uploader after-read="function () { [native code] }" disabled=""></van-uploader>
  </div>
  <div>
    <van-uploader multiple="" accept="*"></van-uploader>
  </div>
  <div>
    <van-uploader filelistprop="" multiple="" url="https://www.mocky.io/v2/5cc8019d300000980a055e76" url-field="url"></van-uploader>
  </div>
  <div>
    <van-uploader filelistprop="" multiple="" url="http://lcp.vusion.top/api/v1/vusion/upload"></van-uploader>
  </div>
  <div>
    <van-field label="表单项"></van-field>
  </div>
  <div>
    <van-field label="表单项" drole="other">\\n</van-field>
  </div>
</div>
`;
