// Jest Snapshot v1, https://goo.gl/fbAQLP

exports[`renders demo correctly 1`] = `
<div>
  <div>
    <van-switch></van-switch>
  </div>
  <div>
    <van-switch disabled=""></van-switch>
  </div>
  <div>
    <van-switch loading=""></van-switch>
  </div>
  <div>
    <van-switch size="24px"></van-switch>
  </div>
  <div>
    <van-switch active-color="#ee0a24" inactive-color="#dcdee0"></van-switch>
  </div>
  <div>
    <van-switch value="true"></van-switch>
  </div>
  <div>
    <van-cell center="" title="标题"></van-cell>
  </div>
</div>
`;
